Archive member included to satisfy reference by file (symbol)

C:/Users/obrienes/.pico-sdk/toolchain/13_3_Rel1/bin/../lib/gcc/arm-none-eabi/13.3.1/thumb/v6-m/nofp\libgcc.a(_dvmd_tls.o)
                              CMakeFiles/supaCap_Code.dir/C_/Users/obrienes/.pico-sdk/sdk/2.1.0/src/rp2_common/pico_divider/divider_hardware.S.obj (__aeabi_idiv0)
C:/Users/obrienes/.pico-sdk/toolchain/13_3_Rel1/bin/../lib/gcc/arm-none-eabi/13.3.1/thumb/v6-m/nofp\libg.a(libc_a-calloc.o)
                              CMakeFiles/supaCap_Code.dir/C_/Users/obrienes/.pico-sdk/sdk/2.1.0/src/rp2_common/pico_malloc/malloc.c.obj (calloc)
C:/Users/obrienes/.pico-sdk/toolchain/13_3_Rel1/bin/../lib/gcc/arm-none-eabi/13.3.1/thumb/v6-m/nofp\libg.a(libc_a-callocr.o)
                              C:/Users/obrienes/.pico-sdk/toolchain/13_3_Rel1/bin/../lib/gcc/arm-none-eabi/13.3.1/thumb/v6-m/nofp\libg.a(libc_a-calloc.o) (_calloc_r)
C:/Users/obrienes/.pico-sdk/toolchain/13_3_Rel1/bin/../lib/gcc/arm-none-eabi/13.3.1/thumb/v6-m/nofp\libg.a(libc_a-malloc.o)
                              CMakeFiles/supaCap_Code.dir/C_/Users/obrienes/.pico-sdk/sdk/2.1.0/src/rp2_common/pico_malloc/malloc.c.obj (malloc)
C:/Users/obrienes/.pico-sdk/toolchain/13_3_Rel1/bin/../lib/gcc/arm-none-eabi/13.3.1/thumb/v6-m/nofp\libg.a(libc_a-mallocr.o)
                              C:/Users/obrienes/.pico-sdk/toolchain/13_3_Rel1/bin/../lib/gcc/arm-none-eabi/13.3.1/thumb/v6-m/nofp\libg.a(libc_a-callocr.o) (_malloc_r)
C:/Users/obrienes/.pico-sdk/toolchain/13_3_Rel1/bin/../lib/gcc/arm-none-eabi/13.3.1/thumb/v6-m/nofp\libg.a(libc_a-mlock.o)
                              C:/Users/obrienes/.pico-sdk/toolchain/13_3_Rel1/bin/../lib/gcc/arm-none-eabi/13.3.1/thumb/v6-m/nofp\libg.a(libc_a-mallocr.o) (__malloc_lock)
C:/Users/obrienes/.pico-sdk/toolchain/13_3_Rel1/bin/../lib/gcc/arm-none-eabi/13.3.1/thumb/v6-m/nofp\libg.a(libc_a-realloc.o)
                              CMakeFiles/supaCap_Code.dir/C_/Users/obrienes/.pico-sdk/sdk/2.1.0/src/rp2_common/pico_malloc/malloc.c.obj (realloc)
C:/Users/obrienes/.pico-sdk/toolchain/13_3_Rel1/bin/../lib/gcc/arm-none-eabi/13.3.1/thumb/v6-m/nofp\libg.a(libc_a-reallocr.o)
                              C:/Users/obrienes/.pico-sdk/toolchain/13_3_Rel1/bin/../lib/gcc/arm-none-eabi/13.3.1/thumb/v6-m/nofp\libg.a(libc_a-realloc.o) (_realloc_r)
C:/Users/obrienes/.pico-sdk/toolchain/13_3_Rel1/bin/../lib/gcc/arm-none-eabi/13.3.1/thumb/v6-m/nofp\libg.a(libc_a-memcmp.o)
                              CMakeFiles/supaCap_Code.dir/C_/Users/obrienes/.pico-sdk/sdk/2.1.0/src/rp2_common/pico_atomic/atomic.c.obj (memcmp)
C:/Users/obrienes/.pico-sdk/toolchain/13_3_Rel1/bin/../lib/gcc/arm-none-eabi/13.3.1/thumb/v6-m/nofp\libg.a(libc_a-memmove.o)
                              C:/Users/obrienes/.pico-sdk/toolchain/13_3_Rel1/bin/../lib/gcc/arm-none-eabi/13.3.1/thumb/v6-m/nofp\libg.a(libc_a-reallocr.o) (memmove)
C:/Users/obrienes/.pico-sdk/toolchain/13_3_Rel1/bin/../lib/gcc/arm-none-eabi/13.3.1/thumb/v6-m/nofp\libg.a(libc_a-lcltime_r.o)
                              CMakeFiles/supaCap_Code.dir/C_/Users/obrienes/.pico-sdk/sdk/2.1.0/src/common/pico_util/datetime.c.obj (localtime_r)
C:/Users/obrienes/.pico-sdk/toolchain/13_3_Rel1/bin/../lib/gcc/arm-none-eabi/13.3.1/thumb/v6-m/nofp\libg.a(libc_a-mktime.o)
                              CMakeFiles/supaCap_Code.dir/C_/Users/obrienes/.pico-sdk/sdk/2.1.0/src/common/pico_util/datetime.c.obj (mktime)
C:/Users/obrienes/.pico-sdk/toolchain/13_3_Rel1/bin/../lib/gcc/arm-none-eabi/13.3.1/thumb/v6-m/nofp\libg.a(libc_a-month_lengths.o)
                              C:/Users/obrienes/.pico-sdk/toolchain/13_3_Rel1/bin/../lib/gcc/arm-none-eabi/13.3.1/thumb/v6-m/nofp\libg.a(libc_a-lcltime_r.o) (__month_lengths)
C:/Users/obrienes/.pico-sdk/toolchain/13_3_Rel1/bin/../lib/gcc/arm-none-eabi/13.3.1/thumb/v6-m/nofp\libg.a(libc_a-tzcalc_limits.o)
                              C:/Users/obrienes/.pico-sdk/toolchain/13_3_Rel1/bin/../lib/gcc/arm-none-eabi/13.3.1/thumb/v6-m/nofp\libg.a(libc_a-lcltime_r.o) (__tzcalc_limits)
C:/Users/obrienes/.pico-sdk/toolchain/13_3_Rel1/bin/../lib/gcc/arm-none-eabi/13.3.1/thumb/v6-m/nofp\libg.a(libc_a-tzlock.o)
                              C:/Users/obrienes/.pico-sdk/toolchain/13_3_Rel1/bin/../lib/gcc/arm-none-eabi/13.3.1/thumb/v6-m/nofp\libg.a(libc_a-lcltime_r.o) (__tz_lock)
C:/Users/obrienes/.pico-sdk/toolchain/13_3_Rel1/bin/../lib/gcc/arm-none-eabi/13.3.1/thumb/v6-m/nofp\libg.a(libc_a-tzset.o)
                              C:/Users/obrienes/.pico-sdk/toolchain/13_3_Rel1/bin/../lib/gcc/arm-none-eabi/13.3.1/thumb/v6-m/nofp\libg.a(libc_a-lcltime_r.o) (_tzset_unlocked)
C:/Users/obrienes/.pico-sdk/toolchain/13_3_Rel1/bin/../lib/gcc/arm-none-eabi/13.3.1/thumb/v6-m/nofp\libg.a(libc_a-tzset_r.o)
                              C:/Users/obrienes/.pico-sdk/toolchain/13_3_Rel1/bin/../lib/gcc/arm-none-eabi/13.3.1/thumb/v6-m/nofp\libg.a(libc_a-tzset.o) (_tzset_unlocked_r)
[...]
Memory Configuration

Name             Origin             Length             Attributes
FLASH            0x10000000         0x00200000         xr
RAM              0x20000000         0x00040000         xrw
SCRATCH_X        0x20040000         0x00001000         xrw
SCRATCH_Y        0x20041000         0x00001000         xrw
*default*        0x00000000         0xffffffff

Linker script and memory map

LOAD C:/Users/obrienes/.pico-sdk/toolchain/13_3_Rel1/bin/../lib/gcc/arm-none-eabi/13.3.1/thumb/v6-m/nofp/crti.o
LOAD C:/Users/obrienes/.pico-sdk/toolchain/13_3_Rel1/bin/../lib/gcc/arm-none-eabi/13.3.1/thumb/v6-m/nofp/crtbegin.o
LOAD C:/Users/obrienes/.pico-sdk/toolchain/13_3_Rel1/bin/../lib/gcc/arm-none-eabi/13.3.1/thumb/v6-m/nofp/crt0.o

.flash_begin    0x10000000        0x0
                0x10000000                        __flash_binary_start = .

.boot2          0x10000000      0x100
                0x10000000                        __boot2_start__ = .
 *(.boot2)
 .boot2         0x10000000      0x100 pico-sdk/src/rp2040/boot_stage2/CMakeFiles/bs2_default_library.dir/./bs2_default_padded_checksummed.S.obj
                0x10000100                        __boot2_end__ = .
                0x00000001                        ASSERT (((__boot2_end__ - __boot2_start__) == 0x100), ERROR: Pico second stage bootloader must be 256 bytes in size)

.text           0x10000100     0x15b0
                0x10000100                        __logical_binary_start = .
 *(.vectors)
 .vectors       0x10000100       0xd4 CMakeFiles/supaCap_Code.dir/C_/Users/obrienes/.pico-sdk/sdk/2.1.0/src/rp2_common/pico_crt0/crt0.S.obj
                0x10000100                __VECTOR_TABLE
                0x10000100                __vectors
                0x100001c0                isr_invalid
                0x100001c0                __default_isrs_start
                0x100001c2                isr_nmi
                0x100001c4                isr_hardfault
                0x100001c6                isr_svcall
                0x100001c8                isr_pendsv
                0x100001ca                isr_systick
                0x100001cc                isr_irq23
                0x100001cc                isr_irq18
                0x100001cc                isr_irq11
                0x100001cc                isr_irq28
                0x100001cc                isr_irq19
                0x100001cc                isr_irq0
                0x100001cc                isr_irq6
                0x100001cc                isr_irq5
                0x100001cc                isr_irq12
                0x100001cc                isr_irq22
                0x100001cc                isr_irq31
                0x100001cc                isr_irq17
                0x100001cc                isr_irq27
                0x100001cc                isr_irq30
                0x100001cc                isr_irq2
                0x100001cc                isr_irq10
                0x100001cc                isr_irq8
                0x100001cc                isr_irq24
                0x100001cc                isr_irq1
                0x100001cc                isr_irq7
                0x100001cc                isr_irq21
                0x100001cc                isr_irq20
                0x100001cc                isr_irq15
                0x100001cc                isr_irq25
                0x100001cc                isr_irq13
                0x100001cc                __unhandled_user_irq
                0x100001cc                isr_irq4
                0x100001cc                isr_irq16
                0x100001cc                isr_irq29
                0x100001cc                isr_irq26
                0x100001cc                __default_isrs_end
                0x100001cc                isr_irq3
                0x100001cc                isr_irq14
                0x100001cc                isr_irq9
                0x100001d2                unhandled_user_irq_num_in_r0
 *(.binary_info_header)
 .binary_info_header
                0x100001d4       0x14 CMakeFiles/supaCap_Code.dir/C_/Users/obrienes/.pico-sdk/sdk/2.1.0/src/rp2_common/pico_crt0/crt0.S.obj
                0x100001e8                        __binary_info_header_end = .
 *(.embedded_block)
                0x100001e8                        __embedded_block_end = .
 *(.reset)
 .reset         0x100001e8       0x9c CMakeFiles/supaCap_Code.dir/C_/Users/obrienes/.pico-sdk/sdk/2.1.0/src/rp2_common/pico_crt0/crt0.S.obj
                0x100001e8                _entry_point
 *(.init)
 .init          0x10000284        0x4 C:/Users/obrienes/.pico-sdk/toolchain/13_3_Rel1/bin/../lib/gcc/arm-none-eabi/13.3.1/thumb/v6-m/nofp/crti.o
                0x10000284                _init
 *(EXCLUDE_FILE(*libm.a: *libc.a:*lib_a-mem*.o *libgcc.a:) .text*)
 .text.register_tm_clones
                0x10000288       0x28 C:/Users/obrienes/.pico-sdk/toolchain/13_3_Rel1/bin/../lib/gcc/arm-none-eabi/13.3.1/thumb/v6-m/nofp/crtbegin.o
 .text.frame_dummy
                0x100002b0       0x24 C:/Users/obrienes/.pico-sdk/toolchain/13_3_Rel1/bin/../lib/gcc/arm-none-eabi/13.3.1/thumb/v6-m/nofp/crtbegin.o
 .text.startup.main
                0x100002d4       0x1c CMakeFiles/supaCap_Code.dir/supaCap_Code.c.obj
                0x100002d4                main
 .text.panic    0x100002f0       0x30 CMakeFiles/supaCap_Code.dir/C_/Users/obrienes/.pico-sdk/sdk/2.1.0/src/rp2_common/pico_platform_panic/panic.c.obj
                0x100002f0                panic
 .text.hw_claim_or_assert
                0x10000320       0x44 CMakeFiles/supaCap_Code.dir/C_/Users/obrienes/.pico-sdk/sdk/2.1.0/src/common/hardware_claim/claim.c.obj
                0x10000320                hw_claim_or_assert
 .text.next_striped_spin_lock_num
                0x10000364       0x18 CMakeFiles/supaCap_Code.dir/C_/Users/obrienes/.pico-sdk/sdk/2.1.0/src/rp2_common/hardware_sync/sync.c.obj
                0x10000364                next_striped_spin_lock_num
 .text.spin_locks_reset
                0x1000037c       0x1c CMakeFiles/supaCap_Code.dir/C_/Users/obrienes/.pico-sdk/sdk/2.1.0/src/rp2_common/hardware_sync_spin_lock/sync_spin_lock.c.obj
                0x1000037c                spin_locks_reset
 .text.runtime_init_per_core_irq_priorities
                0x10000398       0x24 CMakeFiles/supaCap_Code.dir/C_/Users/obrienes/.pico-sdk/sdk/2.1.0/src/rp2_common/hardware_irq/irq.c.obj
                0x10000398                runtime_init_per_core_irq_priorities
 .text.irq_set_enabled
                0x100003bc       0x24 CMakeFiles/supaCap_Code.dir/C_/Users/obrienes/.pico-sdk/sdk/2.1.0/src/rp2_common/hardware_irq/irq.c.obj
                0x100003bc                irq_set_enabled
 .text.irq_set_exclusive_handler
                0x100003e0       0x54 CMakeFiles/supaCap_Code.dir/C_/Users/obrienes/.pico-sdk/sdk/2.1.0/src/rp2_common/hardware_irq/irq.c.obj
                0x100003e0                irq_set_exclusive_handler
 .text.lock_init
                0x10000434       0x10 CMakeFiles/supaCap_Code.dir/C_/Users/obrienes/.pico-sdk/sdk/2.1.0/src/common/pico_sync/lock_core.c.obj
                0x10000434                lock_init
 .text.runtime_init_mutex
                0x10000444       0x50 CMakeFiles/supaCap_Code.dir/C_/Users/obrienes/.pico-sdk/sdk/2.1.0/src/common/pico_sync/mutex.c.obj
                0x10000444                runtime_init_mutex
 .text.sleep_until_callback
                0x10000494       0x30 CMakeFiles/supaCap_Code.dir/C_/Users/obrienes/.pico-sdk/sdk/2.1.0/src/common/pico_time/time.c.obj
 .text.alarm_pool_irq_handler
                0x100004c4      0x2fc CMakeFiles/supaCap_Code.dir/C_/Users/obrienes/.pico-sdk/sdk/2.1.0/src/common/pico_time/time.c.obj
 .text.runtime_init_default_alarm_pool
                0x100007c0       0xdc CMakeFiles/supaCap_Code.dir/C_/Users/obrienes/.pico-sdk/sdk/2.1.0/src/common/pico_time/time.c.obj
                0x100007c0                runtime_init_default_alarm_pool
 .text.alarm_pool_add_alarm_at_force_in_context
                0x1000089c       0xb0 CMakeFiles/supaCap_Code.dir/C_/Users/obrienes/.pico-sdk/sdk/2.1.0/src/common/pico_time/time.c.obj
                0x1000089c                alarm_pool_add_alarm_at_force_in_context
 .text.alarm_pool_cancel_alarm
                0x1000094c       0x74 CMakeFiles/supaCap_Code.dir/C_/Users/obrienes/.pico-sdk/sdk/2.1.0/src/common/pico_time/time.c.obj
                0x1000094c                alarm_pool_cancel_alarm
 .text.sleep_until
                0x100009c0       0xd8 CMakeFiles/supaCap_Code.dir/C_/Users/obrienes/.pico-sdk/sdk/2.1.0/src/common/pico_time/time.c.obj
                0x100009c0                sleep_until
 .text.sleep_ms
                0x10000a98       0x38 CMakeFiles/supaCap_Code.dir/C_/Users/obrienes/.pico-sdk/sdk/2.1.0/src/common/pico_time/time.c.obj
                0x10000a98                sleep_ms
 .text.best_effort_wfe_or_timeout
                0x10000ad0       0xe0 CMakeFiles/supaCap_Code.dir/C_/Users/obrienes/.pico-sdk/sdk/2.1.0/src/common/pico_time/time.c.obj
                0x10000ad0                best_effort_wfe_or_timeout
 .text.timer_hardware_alarm_claim
                0x10000bb0       0x14 CMakeFiles/supaCap_Code.dir/C_/Users/obrienes/.pico-sdk/sdk/2.1.0/src/rp2_common/hardware_timer/timer.c.obj
                0x10000bb0                timer_hardware_alarm_claim
 .text.timer_time_us_64
                0x10000bc4       0x10 CMakeFiles/supaCap_Code.dir/C_/Users/obrienes/.pico-sdk/sdk/2.1.0/src/rp2_common/hardware_timer/timer.c.obj
                0x10000bc4                timer_time_us_64
 .text.time_us_64
                0x10000bd4       0x14 CMakeFiles/supaCap_Code.dir/C_/Users/obrienes/.pico-sdk/sdk/2.1.0/src/rp2_common/hardware_timer/timer.c.obj
                0x10000bd4                time_us_64
 .text.busy_wait_until
                0x10000be8       0x20 CMakeFiles/supaCap_Code.dir/C_/Users/obrienes/.pico-sdk/sdk/2.1.0/src/rp2_common/hardware_timer/timer.c.obj
                0x10000be8                busy_wait_until
 .text.clock_configure_int_divider
                0x10000c08       0xf4 CMakeFiles/supaCap_Code.dir/C_/Users/obrienes/.pico-sdk/sdk/2.1.0/src/rp2_common/hardware_clocks/clocks.c.obj
                0x10000c08                clock_configure_int_divider
 .text.clock_configure_undivided
                0x10000cfc       0xe8 CMakeFiles/supaCap_Code.dir/C_/Users/obrienes/.pico-sdk/sdk/2.1.0/src/rp2_common/hardware_clocks/clocks.c.obj
                0x10000cfc                clock_configure_undivided
 .text.clock_get_hz
                0x10000de4        0xc CMakeFiles/supaCap_Code.dir/C_/Users/obrienes/.pico-sdk/sdk/2.1.0/src/rp2_common/hardware_clocks/clocks.c.obj
                0x10000de4                clock_get_hz
 .text.pll_init
                0x10000df0       0xa4 CMakeFiles/supaCap_Code.dir/C_/Users/obrienes/.pico-sdk/sdk/2.1.0/src/rp2_common/hardware_pll/pll.c.obj
                0x10000df0                pll_init
 .text.tick_start
                0x10000e94       0x10 CMakeFiles/supaCap_Code.dir/C_/Users/obrienes/.pico-sdk/sdk/2.1.0/src/rp2_common/hardware_ticks/ticks.c.obj
                0x10000e94                tick_start
 .text.rom_func_lookup
                0x10000ea4       0x10 CMakeFiles/supaCap_Code.dir/C_/Users/obrienes/.pico-sdk/sdk/2.1.0/src/rp2_common/pico_bootrom/bootrom.c.obj
                0x10000ea4                rom_func_lookup
 .text.rom_data_lookup
                0x10000eb4       0x10 CMakeFiles/supaCap_Code.dir/C_/Users/obrienes/.pico-sdk/sdk/2.1.0/src/rp2_common/pico_bootrom/bootrom.c.obj
                0x10000eb4                rom_data_lookup
 .text.rom_funcs_lookup
                0x10000ec4       0x44 CMakeFiles/supaCap_Code.dir/C_/Users/obrienes/.pico-sdk/sdk/2.1.0/src/rp2_common/pico_bootrom/bootrom.c.obj
                0x10000ec4                rom_funcs_lookup
 .text.xosc_init
                0x10000f08       0x28 CMakeFiles/supaCap_Code.dir/C_/Users/obrienes/.pico-sdk/sdk/2.1.0/src/rp2_common/hardware_xosc/xosc.c.obj
                0x10000f08                xosc_init
 .text.first_per_core_initializer
                0x10000f30        0x4 CMakeFiles/supaCap_Code.dir/C_/Users/obrienes/.pico-sdk/sdk/2.1.0/src/rp2_common/pico_runtime/runtime.c.obj
 .text.hard_assertion_failure
                0x10000f34        0xc CMakeFiles/supaCap_Code.dir/C_/Users/obrienes/.pico-sdk/sdk/2.1.0/src/rp2_common/pico_runtime/runtime.c.obj
                0x10000f34                hard_assertion_failure
 .text.runtime_run_initializers
                0x10000f40       0x28 CMakeFiles/supaCap_Code.dir/C_/Users/obrienes/.pico-sdk/sdk/2.1.0/src/rp2_common/pico_runtime/runtime.c.obj
                0x10000f40                runtime_run_initializers
 .text.runtime_init_early_resets
                0x10000f68       0x2c CMakeFiles/supaCap_Code.dir/C_/Users/obrienes/.pico-sdk/sdk/2.1.0/src/rp2_common/pico_runtime_init/runtime_init.c.obj
                0x10000f68                runtime_init_early_resets
 .text.runtime_init_usb_power_down
                0x10000f94       0x1c CMakeFiles/supaCap_Code.dir/C_/Users/obrienes/.pico-sdk/sdk/2.1.0/src/rp2_common/pico_runtime_init/runtime_init.c.obj
                0x10000f94                runtime_init_usb_power_down
 .text.runtime_init_post_clock_resets
                0x10000fb0       0x20 CMakeFiles/supaCap_Code.dir/C_/Users/obrienes/.pico-sdk/sdk/2.1.0/src/rp2_common/pico_runtime_init/runtime_init.c.obj
                0x10000fb0                runtime_init_post_clock_resets
 .text.runtime_init_rp2040_gpio_ie_disable
                0x10000fd0       0x14 CMakeFiles/supaCap_Code.dir/C_/Users/obrienes/.pico-sdk/sdk/2.1.0/src/rp2_common/pico_runtime_init/runtime_init.c.obj
                0x10000fd0                runtime_init_rp2040_gpio_ie_disable
 .text.runtime_init_spin_locks_reset
                0x10000fe4        0x8 CMakeFiles/supaCap_Code.dir/C_/Users/obrienes/.pico-sdk/sdk/2.1.0/src/rp2_common/pico_runtime_init/runtime_init.c.obj
                0x10000fe4                runtime_init_spin_locks_reset
 .text.runtime_init_install_ram_vector_table
                0x10000fec       0x1c CMakeFiles/supaCap_Code.dir/C_/Users/obrienes/.pico-sdk/sdk/2.1.0/src/rp2_common/pico_runtime_init/runtime_init.c.obj
                0x10000fec                runtime_init_install_ram_vector_table
 .text.runtime_init_clocks
                0x10001008       0xd8 CMakeFiles/supaCap_Code.dir/C_/Users/obrienes/.pico-sdk/sdk/2.1.0/src/rp2_common/pico_runtime_init/runtime_init_clocks.c.obj
                0x10001008                runtime_init_clocks
 .text          0x100010e0       0x10 CMakeFiles/supaCap_Code.dir/C_/Users/obrienes/.pico-sdk/sdk/2.1.0/src/rp2_common/pico_bit_ops/bit_ops_aeabi.S.obj
 .text.__wrap___aeabi_uidiv
                0x100010f0       0x4c CMakeFiles/supaCap_Code.dir/C_/Users/obrienes/.pico-sdk/sdk/2.1.0/src/rp2_common/pico_divider/divider_hardware.S.obj
                0x100010f0                __wrap___aeabi_uidiv
                0x100010f0                __wrap___aeabi_uidivmod
                0x100010f0                div_u32u32
                0x100010f0                divmod_u32u32
                0x100010f8                divmod_u32u32_unsafe
                0x10001120                divmod_u32u32_savestate
 .text.__aeabi_double_init
                0x1000113c       0xa4 CMakeFiles/supaCap_Code.dir/C_/Users/obrienes/.pico-sdk/sdk/2.1.0/src/rp2_common/pico_double/double_init_rom_rp2040.c.obj
                0x1000113c                __aeabi_double_init
 .text.double_table_shim_on_use_helper
                0x100011e0       0x2c CMakeFiles/supaCap_Code.dir/C_/Users/obrienes/.pico-sdk/sdk/2.1.0/src/rp2_common/pico_double/double_v1_rom_shim_rp2040.S.obj
                0x100011e0                double_table_shim_on_use_helper
 .text.__aeabi_lmul
                0x1000120c       0x32 CMakeFiles/supaCap_Code.dir/C_/Users/obrienes/.pico-sdk/sdk/2.1.0/src/rp2_common/pico_int64_ops/pico_int64_ops_aeabi.S.obj
                0x1000120c                __wrap___aeabi_lmul
 *fill*         0x1000123e        0x2 
 .text.__aeabi_float_init
                0x10001240       0x64 CMakeFiles/supaCap_Code.dir/C_/Users/obrienes/.pico-sdk/sdk/2.1.0/src/rp2_common/pico_float/float_init_rom_rp2040.c.obj
                0x10001240                __aeabi_float_init
 .text.float_table_shim_on_use_helper
                0x100012a4       0x2c CMakeFiles/supaCap_Code.dir/C_/Users/obrienes/.pico-sdk/sdk/2.1.0/src/rp2_common/pico_float/float_v1_rom_shim_rp2040.S.obj
                0x100012a4                float_table_shim_on_use_helper
 .text          0x100012d0       0x10 CMakeFiles/supaCap_Code.dir/C_/Users/obrienes/.pico-sdk/sdk/2.1.0/src/rp2_common/pico_mem_ops/mem_ops_aeabi.S.obj
                0x100012d0                __aeabi_mem_init
 .text.memcpy   0x100012e0        0xc CMakeFiles/supaCap_Code.dir/C_/Users/obrienes/.pico-sdk/sdk/2.1.0/src/rp2_common/pico_mem_ops/mem_ops_aeabi.S.obj
                0x100012e0                __wrap_memcpy
                0x100012e0                __wrap___aeabi_memcpy
 .text._out_char
                0x100012ec       0x10 CMakeFiles/supaCap_Code.dir/C_/Users/obrienes/.pico-sdk/sdk/2.1.0/src/rp2_common/pico_printf/printf.c.obj
 .text.weak_raw_vprintf
                0x100012fc       0x30 CMakeFiles/supaCap_Code.dir/C_/Users/obrienes/.pico-sdk/sdk/2.1.0/src/rp2_common/pico_printf/printf.c.obj
                0x100012fc                weak_raw_vprintf
 .text._exit    0x1000132c        0x4 CMakeFiles/supaCap_Code.dir/C_/Users/obrienes/.pico-sdk/sdk/2.1.0/src/rp2_common/pico_clib_interface/newlib_interface.c.obj
                0x1000132c                _exit
 .text.exit     0x10001330        0x8 CMakeFiles/supaCap_Code.dir/C_/Users/obrienes/.pico-sdk/sdk/2.1.0/src/rp2_common/pico_clib_interface/newlib_interface.c.obj
                0x10001330                exit
 .text.runtime_init
                0x10001338       0x2c CMakeFiles/supaCap_Code.dir/C_/Users/obrienes/.pico-sdk/sdk/2.1.0/src/rp2_common/pico_clib_interface/newlib_interface.c.obj
                0x10001338                runtime_init
 .text.stdio_out_chars_no_crlf
                0x10001364       0x10 CMakeFiles/supaCap_Code.dir/C_/Users/obrienes/.pico-sdk/sdk/2.1.0/src/rp2_common/pico_stdio/stdio.c.obj
 .text.stdio_out_chars_crlf
                0x10001374       0x94 CMakeFiles/supaCap_Code.dir/C_/Users/obrienes/.pico-sdk/sdk/2.1.0/src/rp2_common/pico_stdio/stdio.c.obj
 .text.stdio_put_string
                0x10001408      0x100 CMakeFiles/supaCap_Code.dir/C_/Users/obrienes/.pico-sdk/sdk/2.1.0/src/rp2_common/pico_stdio/stdio.c.obj
                0x10001408                stdio_put_string
 .text.stdio_init_all
                0x10001508        0x4 CMakeFiles/supaCap_Code.dir/C_/Users/obrienes/.pico-sdk/sdk/2.1.0/src/rp2_common/pico_stdio/stdio.c.obj
                0x10001508                stdio_init_all
 .text.__wrap_putchar
                0x1000150c       0x98 CMakeFiles/supaCap_Code.dir/C_/Users/obrienes/.pico-sdk/sdk/2.1.0/src/rp2_common/pico_stdio/stdio.c.obj
                0x1000150c                __wrap_putchar
                0x1000150c                stdio_putchar
 .text.__wrap_puts
                0x100015a4       0x3c CMakeFiles/supaCap_Code.dir/C_/Users/obrienes/.pico-sdk/sdk/2.1.0/src/rp2_common/pico_stdio/stdio.c.obj
                0x100015a4                stdio_puts
                0x100015a4                __wrap_puts
 .text.strlen   0x100015e0       0x5c C:/Users/obrienes/.pico-sdk/toolchain/13_3_Rel1/bin/../lib/gcc/arm-none-eabi/13.3.1/thumb/v6-m/nofp\libg.a(libc_a-strlen-stub.o)
                0x100015e0                strlen
 *(.fini)
 .fini          0x1000163c        0x4 C:/Users/obrienes/.pico-sdk/toolchain/13_3_Rel1/bin/../lib/gcc/arm-none-eabi/13.3.1/thumb/v6-m/nofp/crti.o
                0x1000163c                _fini
 .fini.__stub   0x10001640       0x30 linker stubs
 *crtbegin.o(.ctors)
 *crtbegin?.o(.ctors)
 *(EXCLUDE_FILE(*crtend.o *crtend?.o) .ctors)
 *(SORT_BY_NAME(.ctors.*))
 *(.ctors)
 *crtbegin.o(.dtors)
 *crtbegin?.o(.dtors)
 *(EXCLUDE_FILE(*crtend.o *crtend?.o) .dtors)
 *(SORT_BY_NAME(.dtors.*))
 *(.dtors)
                0x10001670                        . = ALIGN (0x4)
                0x10001670                        PROVIDE (__preinit_array_start = .)
 *(SORT_BY_NAME(.preinit_array.*))
 .preinit_array.00100
                0x10001670        0x4 CMakeFiles/supaCap_Code.dir/C_/Users/obrienes/.pico-sdk/sdk/2.1.0/src/rp2_common/pico_runtime_init/runtime_init.c.obj
                0x10001670                __pre_init_runtime_init_early_resets
 .preinit_array.00101
                0x10001674        0x4 CMakeFiles/supaCap_Code.dir/C_/Users/obrienes/.pico-sdk/sdk/2.1.0/src/rp2_common/pico_runtime_init/runtime_init.c.obj
                0x10001674                __pre_init_runtime_init_usb_power_down
 .preinit_array.00275
                0x10001678        0x4 CMakeFiles/supaCap_Code.dir/C_/Users/obrienes/.pico-sdk/sdk/2.1.0/src/rp2_common/pico_bit_ops/bit_ops_aeabi.S.obj
 .preinit_array.00300
                0x1000167c        0x4 CMakeFiles/supaCap_Code.dir/C_/Users/obrienes/.pico-sdk/sdk/2.1.0/src/rp2_common/pico_mem_ops/mem_ops_aeabi.S.obj
 .preinit_array.00350
                0x10001680        0x4 CMakeFiles/supaCap_Code.dir/C_/Users/obrienes/.pico-sdk/sdk/2.1.0/src/rp2_common/pico_double/double_aeabi_rp2040.S.obj
 .preinit_array.00350
                0x10001684        0x4 CMakeFiles/supaCap_Code.dir/C_/Users/obrienes/.pico-sdk/sdk/2.1.0/src/rp2_common/pico_float/float_aeabi_rp2040.S.obj
 .preinit_array.00500
                0x10001688        0x4 CMakeFiles/supaCap_Code.dir/C_/Users/obrienes/.pico-sdk/sdk/2.1.0/src/rp2_common/pico_runtime_init/runtime_init.c.obj
                0x10001688                __pre_init_runtime_init_clocks
 .preinit_array.00600
                0x1000168c        0x4 CMakeFiles/supaCap_Code.dir/C_/Users/obrienes/.pico-sdk/sdk/2.1.0/src/rp2_common/pico_runtime_init/runtime_init.c.obj
                0x1000168c                __pre_init_runtime_init_post_clock_resets
 .preinit_array.00700
                0x10001690        0x4 CMakeFiles/supaCap_Code.dir/C_/Users/obrienes/.pico-sdk/sdk/2.1.0/src/rp2_common/pico_runtime_init/runtime_init.c.obj
                0x10001690                __pre_init_runtime_init_rp2040_gpio_ie_disable
 .preinit_array.01000
                0x10001694        0x4 CMakeFiles/supaCap_Code.dir/C_/Users/obrienes/.pico-sdk/sdk/2.1.0/src/rp2_common/pico_runtime_init/runtime_init.c.obj
                0x10001694                __pre_init_runtime_init_spin_locks_reset
 .preinit_array.01100
                0x10001698        0x4 CMakeFiles/supaCap_Code.dir/C_/Users/obrienes/.pico-sdk/sdk/2.1.0/src/common/pico_sync/mutex.c.obj
                0x10001698                __pre_init_runtime_init_mutex
 .preinit_array.10080
                0x1000169c        0x4 CMakeFiles/supaCap_Code.dir/C_/Users/obrienes/.pico-sdk/sdk/2.1.0/src/rp2_common/pico_runtime_init/runtime_init.c.obj
                0x1000169c                __pre_init_runtime_init_install_ram_vector_table
 .preinit_array.11000
                0x100016a0        0x4 CMakeFiles/supaCap_Code.dir/C_/Users/obrienes/.pico-sdk/sdk/2.1.0/src/common/pico_time/time.c.obj
                0x100016a0                __pre_init_runtime_init_default_alarm_pool
 .preinit_array.YYYYY
                0x100016a4        0x4 CMakeFiles/supaCap_Code.dir/C_/Users/obrienes/.pico-sdk/sdk/2.1.0/src/rp2_common/pico_runtime/runtime.c.obj
                0x100016a4                __pre_init_first_per_core_initializer
 .preinit_array.ZZZZZ.01200
                0x100016a8        0x4 CMakeFiles/supaCap_Code.dir/C_/Users/obrienes/.pico-sdk/sdk/2.1.0/src/rp2_common/hardware_irq/irq.c.obj
                0x100016a8                __pre_init_runtime_init_per_core_irq_priorities
 *(.preinit_array)
                0x100016ac                        PROVIDE (__preinit_array_end = .)
                0x100016ac                        . = ALIGN (0x4)
                0x100016ac                        PROVIDE (__init_array_start = .)
 *(SORT_BY_NAME(.init_array.*))
 *(.init_array)
 .init_array    0x100016ac        0x4 C:/Users/obrienes/.pico-sdk/toolchain/13_3_Rel1/bin/../lib/gcc/arm-none-eabi/13.3.1/thumb/v6-m/nofp/crtbegin.o
                0x100016b0                        PROVIDE (__init_array_end = .)
                0x100016b0                        . = ALIGN (0x4)
                [!provide]                        PROVIDE (__fini_array_start = .)
 *(SORT_BY_NAME(.fini_array.*))
 *(.fini_array)
                [!provide]                        PROVIDE (__fini_array_end = .)
 *(.eh_frame*)
 .eh_frame      0x100016b0        0x0 C:/Users/obrienes/.pico-sdk/toolchain/13_3_Rel1/bin/../lib/gcc/arm-none-eabi/13.3.1/thumb/v6-m/nofp/crtbegin.o
                0x100016b0                        . = ALIGN (0x4)

.glue_7         0x100016b0        0x0
 .glue_7        0x100016b0        0x0 linker stubs

.glue_7t        0x100016b0        0x0
 .glue_7t       0x100016b0        0x0 linker stubs

.vfp11_veneer   0x100016b0        0x0
 .vfp11_veneer  0x100016b0        0x0 linker stubs

.v4_bx          0x100016b0        0x0
 .v4_bx         0x100016b0        0x0 linker stubs

.iplt           0x100016b0        0x0
 .iplt          0x100016b0        0x0 C:/Users/obrienes/.pico-sdk/toolchain/13_3_Rel1/bin/../lib/gcc/arm-none-eabi/13.3.1/thumb/v6-m/nofp/crtbegin.o

.rodata         0x100016b0      0x100
 *(EXCLUDE_FILE(*libm.a: *libc.a:*lib_a-mem*.o *libgcc.a:) .rodata*)
 .rodata.main.str1.4
                0x100016b0       0x9c CMakeFiles/supaCap_Code.dir/supaCap_Code.c.obj
                                  0xe (size before relaxing)
 .rodata.panic.str1.4
                0x1000174c       0x12 CMakeFiles/supaCap_Code.dir/C_/Users/obrienes/.pico-sdk/sdk/2.1.0/src/rp2_common/pico_platform_panic/panic.c.obj
 .rodata.timer_hardware_alarm_claim.str1.4
                0x1000174c       0x22 CMakeFiles/supaCap_Code.dir/C_/Users/obrienes/.pico-sdk/sdk/2.1.0/src/rp2_common/hardware_timer/timer.c.obj
 .rodata.hard_assertion_failure.str1.4
                0x1000174c        0xc CMakeFiles/supaCap_Code.dir/C_/Users/obrienes/.pico-sdk/sdk/2.1.0/src/rp2_common/pico_runtime/runtime.c.obj
 .rodata.str1.4
                0x1000174c       0x48 CMakeFiles/supaCap_Code.dir/02e8427686afe10cec6b4d0ed1e42061/src/rp2_common/pico_standard_binary_info/standard_binary_info.c.obj
 .rodata.__bi_84
                0x1000174c        0xc CMakeFiles/supaCap_Code.dir/02e8427686afe10cec6b4d0ed1e42061/src/rp2_common/pico_standard_binary_info/standard_binary_info.c.obj
 .rodata.__bi_78
                0x10001758        0xc CMakeFiles/supaCap_Code.dir/02e8427686afe10cec6b4d0ed1e42061/src/rp2_common/pico_standard_binary_info/standard_binary_info.c.obj
 .rodata.__bi_60
                0x10001764        0xc CMakeFiles/supaCap_Code.dir/02e8427686afe10cec6b4d0ed1e42061/src/rp2_common/pico_standard_binary_info/standard_binary_info.c.obj
 .rodata.__bi_54
                0x10001770        0xc CMakeFiles/supaCap_Code.dir/02e8427686afe10cec6b4d0ed1e42061/src/rp2_common/pico_standard_binary_info/standard_binary_info.c.obj
 .rodata.__bi_48
                0x1000177c        0xc CMakeFiles/supaCap_Code.dir/02e8427686afe10cec6b4d0ed1e42061/src/rp2_common/pico_standard_binary_info/standard_binary_info.c.obj
 .rodata.__bi_42
                0x10001788        0xc CMakeFiles/supaCap_Code.dir/02e8427686afe10cec6b4d0ed1e42061/src/rp2_common/pico_standard_binary_info/standard_binary_info.c.obj
 .rodata.__bi_34
                0x10001794        0xc CMakeFiles/supaCap_Code.dir/02e8427686afe10cec6b4d0ed1e42061/src/rp2_common/pico_standard_binary_info/standard_binary_info.c.obj
 .rodata.__bi_26
                0x100017a0        0xc CMakeFiles/supaCap_Code.dir/02e8427686afe10cec6b4d0ed1e42061/src/rp2_common/pico_standard_binary_info/standard_binary_info.c.obj
 .rodata.crlf_str.0
                0x100017ac        0x2 CMakeFiles/supaCap_Code.dir/C_/Users/obrienes/.pico-sdk/sdk/2.1.0/src/rp2_common/pico_stdio/stdio.c.obj
                0x100017b0                        . = ALIGN (0x4)
 *fill*         0x100017ae        0x2 
 *(SORT_BY_ALIGNMENT(SORT_BY_NAME(.flashdata*)))
                0x100017b0                        . = ALIGN (0x4)

.ARM.extab
 *(.ARM.extab* .gnu.linkonce.armextab.*)
                0x100017b0                        __exidx_start = .

.ARM.exidx
 *(.ARM.exidx* .gnu.linkonce.armexidx.*)
                0x100017b0                        __exidx_end = .
                0x100017b0                        . = ALIGN (0x4)
                0x100017b0                        __binary_info_start = .

.binary_info    0x100017b0       0x20
 *(.binary_info.keep.*)
 .binary_info.keep.__bi_ptr84
                0x100017b0        0x4 CMakeFiles/supaCap_Code.dir/02e8427686afe10cec6b4d0ed1e42061/src/rp2_common/pico_standard_binary_info/standard_binary_info.c.obj
 .binary_info.keep.__bi_ptr78
                0x100017b4        0x4 CMakeFiles/supaCap_Code.dir/02e8427686afe10cec6b4d0ed1e42061/src/rp2_common/pico_standard_binary_info/standard_binary_info.c.obj
 .binary_info.keep.__bi_ptr60
                0x100017b8        0x4 CMakeFiles/supaCap_Code.dir/02e8427686afe10cec6b4d0ed1e42061/src/rp2_common/pico_standard_binary_info/standard_binary_info.c.obj
 .binary_info.keep.__bi_ptr54
                0x100017bc        0x4 CMakeFiles/supaCap_Code.dir/02e8427686afe10cec6b4d0ed1e42061/src/rp2_common/pico_standard_binary_info/standard_binary_info.c.obj
 .binary_info.keep.__bi_ptr48
                0x100017c0        0x4 CMakeFiles/supaCap_Code.dir/02e8427686afe10cec6b4d0ed1e42061/src/rp2_common/pico_standard_binary_info/standard_binary_info.c.obj
 .binary_info.keep.__bi_ptr42
                0x100017c4        0x4 CMakeFiles/supaCap_Code.dir/02e8427686afe10cec6b4d0ed1e42061/src/rp2_common/pico_standard_binary_info/standard_binary_info.c.obj
 .binary_info.keep.__bi_ptr34
                0x100017c8        0x4 CMakeFiles/supaCap_Code.dir/02e8427686afe10cec6b4d0ed1e42061/src/rp2_common/pico_standard_binary_info/standard_binary_info.c.obj
 .binary_info.keep.__bi_ptr26
                0x100017cc        0x4 CMakeFiles/supaCap_Code.dir/02e8427686afe10cec6b4d0ed1e42061/src/rp2_common/pico_standard_binary_info/standard_binary_info.c.obj
 *(.binary_info.*)
                0x100017d0                        __binary_info_end = .

.rel.dyn        0x100017d0        0x0
 .rel.iplt      0x100017d0        0x0 C:/Users/obrienes/.pico-sdk/toolchain/13_3_Rel1/bin/../lib/gcc/arm-none-eabi/13.3.1/thumb/v6-m/nofp/crtbegin.o
                0x100017d0                        . = ALIGN (0x4)

.ram_vector_table
                0x20000000       0xc0
 *(.ram_vector_table)
 .ram_vector_table
                0x20000000       0xc0 CMakeFiles/supaCap_Code.dir/C_/Users/obrienes/.pico-sdk/sdk/2.1.0/src/rp2_common/pico_runtime_init/runtime_init.c.obj
                0x20000000                ram_vector_table

.uninitialized_data
                0x200000c0        0x0
                0x200000c0                        . = ALIGN (0x4)
 *(.uninitialized_data*)

.data           0x200000c0      0x128 load address 0x100017d0
                0x200000c0                        __data_start__ = .
 *(vtable)
 *(.time_critical*)
 .time_critical.mutex_try_enter_block_until
                0x200000c0       0x9c CMakeFiles/supaCap_Code.dir/C_/Users/obrienes/.pico-sdk/sdk/2.1.0/src/common/pico_sync/mutex.c.obj
                0x200000c0                mutex_try_enter_block_until
 .time_critical.mutex_exit
                0x2000015c       0x28 CMakeFiles/supaCap_Code.dir/C_/Users/obrienes/.pico-sdk/sdk/2.1.0/src/common/pico_sync/mutex.c.obj
                0x2000015c                mutex_exit
 *(.text*)
 .text          0x20000184        0x4 C:/Users/obrienes/.pico-sdk/toolchain/13_3_Rel1/bin/../lib/gcc/arm-none-eabi/13.3.1/thumb/v6-m/nofp\libgcc.a(_dvmd_tls.o)
                0x20000184                __aeabi_idiv0
                0x20000184                __aeabi_ldiv0
 .text.__stub   0x20000188       0x10 linker stubs
                0x20000198                        . = ALIGN (0x4)
 *(.rodata*)
                0x20000198                        . = ALIGN (0x4)
 *(.data*)
 .data.striped_spin_lock_num
                0x20000198        0x1 CMakeFiles/supaCap_Code.dir/C_/Users/obrienes/.pico-sdk/sdk/2.1.0/src/rp2_common/hardware_sync/sync.c.obj
 *fill*         0x20000199        0x3 
 .data.default_alarm_pool
                0x2000019c       0x18 CMakeFiles/supaCap_Code.dir/C_/Users/obrienes/.pico-sdk/sdk/2.1.0/src/common/pico_time/time.c.obj
 *fill*         0x200001b4        0xc 
 .data.aeabi_bits_funcs
                0x200001c0       0x10 CMakeFiles/supaCap_Code.dir/C_/Users/obrienes/.pico-sdk/sdk/2.1.0/src/rp2_common/pico_bit_ops/bit_ops_aeabi.S.obj
                0x200001c0                aeabi_bits_funcs
                0x200001d0                aeabi_bits_funcs_end
 .data.aeabi_mem_funcs
                0x200001d0       0x10 CMakeFiles/supaCap_Code.dir/C_/Users/obrienes/.pico-sdk/sdk/2.1.0/src/rp2_common/pico_mem_ops/mem_ops_aeabi.S.obj
                0x200001d0                aeabi_mem_funcs
                0x200001e0                aeabi_mem_funcs_end
                0x200001e0                        . = ALIGN (0x4)
 *(.after_data.*)
                0x200001e0                        . = ALIGN (0x4)
                0x200001e0                        PROVIDE (__mutex_array_start = .)
 *(SORT_BY_NAME(.mutex_array.*))
 *(.mutex_array)
 .mutex_array   0x200001e0        0x8 CMakeFiles/supaCap_Code.dir/C_/Users/obrienes/.pico-sdk/sdk/2.1.0/src/rp2_common/pico_stdio/stdio.c.obj
                0x200001e8                        PROVIDE (__mutex_array_end = .)
                0x200001e8                        . = ALIGN (0x4)
 *(.jcr)
                0x200001e8                        . = ALIGN (0x4)

.tm_clone_table
                0x200001e8        0x0 load address 0x100018f8
 .tm_clone_table
                0x200001e8        0x0 C:/Users/obrienes/.pico-sdk/toolchain/13_3_Rel1/bin/../lib/gcc/arm-none-eabi/13.3.1/thumb/v6-m/nofp/crtbegin.o
 .tm_clone_table
                0x200001e8        0x0 C:/Users/obrienes/.pico-sdk/toolchain/13_3_Rel1/bin/../lib/gcc/arm-none-eabi/13.3.1/thumb/v6-m/nofp/crtend.o

.igot.plt       0x200001e8        0x0 load address 0x100018f8
 .igot.plt      0x200001e8        0x0 C:/Users/obrienes/.pico-sdk/toolchain/13_3_Rel1/bin/../lib/gcc/arm-none-eabi/13.3.1/thumb/v6-m/nofp/crtbegin.o

.tdata          0x200001e8        0x0 load address 0x100018f8
                0x200001e8                        . = ALIGN (0x4)
 *(.tdata .tdata.* .gnu.linkonce.td.*)
                0x200001e8                        __tdata_end = .
                0x200001e8                        PROVIDE (__data_end__ = .)
                0x100017d0                        __etext = LOADADDR (.data)

.tbss           0x200001e8        0x0 load address 0x100018f8
                0x200001e8                        . = ALIGN (0x4)
                0x200001e8                        __bss_start__ = .
                0x200001e8                        __tls_base = .
 *(.tbss .tbss.* .gnu.linkonce.tb.*)
 *(.tcommon)
                0x200001e8                        __tls_end = .

.bss            0x200001e8      0x3e8 load address 0x100018f8
                0x200001e8                        . = ALIGN (0x4)
                0x200001e8                        __tbss_end = .
 *(SORT_BY_ALIGNMENT(SORT_BY_NAME(.bss*)))
 .bss.default_alarm_pool_entries
                0x200001e8      0x180 CMakeFiles/supaCap_Code.dir/C_/Users/obrienes/.pico-sdk/sdk/2.1.0/src/common/pico_time/time.c.obj
 .bss.sd_table  0x20000368      0x100 CMakeFiles/supaCap_Code.dir/C_/Users/obrienes/.pico-sdk/sdk/2.1.0/src/rp2_common/pico_double/double_init_rom_rp2040.c.obj
                0x20000368                sd_table
 .bss.sf_table  0x20000468      0x100 CMakeFiles/supaCap_Code.dir/C_/Users/obrienes/.pico-sdk/sdk/2.1.0/src/rp2_common/pico_float/float_init_rom_rp2040.c.obj
                0x20000468                sf_table
 .bss.claimed   0x20000568        0x1 CMakeFiles/supaCap_Code.dir/C_/Users/obrienes/.pico-sdk/sdk/2.1.0/src/rp2_common/hardware_timer/timer.c.obj
 *fill*         0x20000569        0x3 
 .bss.configured_freq
                0x2000056c       0x28 CMakeFiles/supaCap_Code.dir/C_/Users/obrienes/.pico-sdk/sdk/2.1.0/src/rp2_common/hardware_clocks/clocks.c.obj
 .bss.drivers   0x20000594        0x4 CMakeFiles/supaCap_Code.dir/C_/Users/obrienes/.pico-sdk/sdk/2.1.0/src/rp2_common/pico_stdio/stdio.c.obj
 .bss.filter    0x20000598        0x4 CMakeFiles/supaCap_Code.dir/C_/Users/obrienes/.pico-sdk/sdk/2.1.0/src/rp2_common/pico_stdio/stdio.c.obj
 .bss.lazy_vsnprintf
                0x2000059c        0x4 CMakeFiles/supaCap_Code.dir/C_/Users/obrienes/.pico-sdk/sdk/2.1.0/src/rp2_common/pico_printf/printf.c.obj
 .bss.object.0  0x200005a0       0x18 C:/Users/obrienes/.pico-sdk/toolchain/13_3_Rel1/bin/../lib/gcc/arm-none-eabi/13.3.1/thumb/v6-m/nofp/crtbegin.o
 .bss.pools     0x200005b8       0x10 CMakeFiles/supaCap_Code.dir/C_/Users/obrienes/.pico-sdk/sdk/2.1.0/src/common/pico_time/time.c.obj
 .bss.sf_clz_func
                0x200005c8        0x4 CMakeFiles/supaCap_Code.dir/C_/Users/obrienes/.pico-sdk/sdk/2.1.0/src/rp2_common/pico_double/double_init_rom_rp2040.c.obj
                0x200005c8                sf_clz_func
 .bss.sleep_notifier
                0x200005cc        0x4 CMakeFiles/supaCap_Code.dir/C_/Users/obrienes/.pico-sdk/sdk/2.1.0/src/common/pico_time/time.c.obj
 *(COMMON)
                0x200005d0                        . = ALIGN (0x4)
                0x200005d0                        __bss_end__ = .

.heap           0x200005d0      0x800 load address 0x100018f8
                0x200005d0                        __end__ = .
                0x200005d0                        end = __end__
 *(.heap*)
 .heap          0x200005d0      0x800 CMakeFiles/supaCap_Code.dir/C_/Users/obrienes/.pico-sdk/sdk/2.1.0/src/rp2_common/pico_crt0/crt0.S.obj
                0x20040000                        __HeapLimit = (ORIGIN (RAM) + LENGTH (RAM))

.scratch_x      0x20040000        0x0 load address 0x100018f8
                0x20040000                        __scratch_x_start__ = .
 *(.scratch_x.*)
                0x20040000                        . = ALIGN (0x4)
                0x20040000                        __scratch_x_end__ = .
                0x100018f8                        __scratch_x_source__ = LOADADDR (.scratch_x)

.scratch_y      0x20041000        0x0 load address 0x100018f8
                0x20041000                        __scratch_y_start__ = .
 *(.scratch_y.*)
                0x20041000                        . = ALIGN (0x4)
                0x20041000                        __scratch_y_end__ = .
                0x100018f8                        __scratch_y_source__ = LOADADDR (.scratch_y)

.stack1_dummy
 *(.stack1*)

.stack_dummy    0x20041000      0x800
 *(.stack*)
 .stack         0x20041000      0x800 CMakeFiles/supaCap_Code.dir/C_/Users/obrienes/.pico-sdk/sdk/2.1.0/src/rp2_common/pico_crt0/crt0.S.obj

.flash_end      0x100018f8        0x0
 *(.embedded_end_block*)
                0x100018f8                        PROVIDE (__flash_binary_end = .)
                0x20040000                        __StackLimit = (ORIGIN (RAM) + LENGTH (RAM))
                0x20041000                        __StackOneTop = (ORIGIN (SCRATCH_X) + LENGTH (SCRATCH_X))
                0x20042000                        __StackTop = (ORIGIN (SCRATCH_Y) + LENGTH (SCRATCH_Y))
                0x20041000                        __StackOneBottom = (__StackOneTop - SIZEOF (.stack1_dummy))
                0x20041800                        __StackBottom = (__StackTop - SIZEOF (.stack_dummy))
                0x20042000                        PROVIDE (__stack = __StackTop)
                [!provide]                        PROVIDE (__heap_start = __end__)
                [!provide]                        PROVIDE (__heap_end = __HeapLimit)
                [!provide]                        PROVIDE (__tls_align = MAX (ALIGNOF (.tdata), ALIGNOF (.tbss)))
                [!provide]                        PROVIDE (__tls_size_align = (((__tls_size + __tls_align) - 0x1) & ~ ((__tls_align - 0x1))))
                [!provide]                        PROVIDE (__arm32_tls_tcb_offset = MAX (0x8, __tls_align))
                [!provide]                        PROVIDE (_end = __end__)
                [!provide]                        PROVIDE (__llvm_libc_heap_limit = __HeapLimit)
                0x00000001                        ASSERT ((__StackLimit >= __HeapLimit), region RAM overflowed)
                0x00000001                        ASSERT (((__binary_info_header_end - __logical_binary_start) <= 0x100), Binary info must be in first 256 bytes of the binary)
LOAD CMakeFiles/supaCap_Code.dir/supaCap_Code.c.obj
LOAD CMakeFiles/supaCap_Code.dir/C_/Users/obrienes/.pico-sdk/sdk/2.1.0/src/rp2_common/pico_stdlib/stdlib.c.obj
LOAD CMakeFiles/supaCap_Code.dir/C_/Users/obrienes/.pico-sdk/sdk/2.1.0/src/rp2_common/hardware_gpio/gpio.c.obj
LOAD CMakeFiles/supaCap_Code.dir/C_/Users/obrienes/.pico-sdk/sdk/2.1.0/src/rp2040/pico_platform/platform.c.obj
LOAD CMakeFiles/supaCap_Code.dir/C_/Users/obrienes/.pico-sdk/sdk/2.1.0/src/rp2_common/pico_platform_panic/panic.c.obj
LOAD CMakeFiles/supaCap_Code.dir/C_/Users/obrienes/.pico-sdk/sdk/2.1.0/src/common/hardware_claim/claim.c.obj
LOAD CMakeFiles/supaCap_Code.dir/C_/Users/obrienes/.pico-sdk/sdk/2.1.0/src/rp2_common/hardware_sync/sync.c.obj
LOAD CMakeFiles/supaCap_Code.dir/C_/Users/obrienes/.pico-sdk/sdk/2.1.0/src/rp2_common/hardware_sync_spin_lock/sync_spin_lock.c.obj
LOAD CMakeFiles/supaCap_Code.dir/C_/Users/obrienes/.pico-sdk/sdk/2.1.0/src/rp2_common/hardware_irq/irq.c.obj
LOAD CMakeFiles/supaCap_Code.dir/C_/Users/obrienes/.pico-sdk/sdk/2.1.0/src/rp2_common/hardware_irq/irq_handler_chain.S.obj
LOAD CMakeFiles/supaCap_Code.dir/C_/Users/obrienes/.pico-sdk/sdk/2.1.0/src/common/pico_sync/sem.c.obj
LOAD CMakeFiles/supaCap_Code.dir/C_/Users/obrienes/.pico-sdk/sdk/2.1.0/src/common/pico_sync/lock_core.c.obj
LOAD CMakeFiles/supaCap_Code.dir/C_/Users/obrienes/.pico-sdk/sdk/2.1.0/src/common/pico_sync/mutex.c.obj
LOAD CMakeFiles/supaCap_Code.dir/C_/Users/obrienes/.pico-sdk/sdk/2.1.0/src/common/pico_sync/critical_section.c.obj
LOAD CMakeFiles/supaCap_Code.dir/C_/Users/obrienes/.pico-sdk/sdk/2.1.0/src/common/pico_time/time.c.obj
LOAD CMakeFiles/supaCap_Code.dir/C_/Users/obrienes/.pico-sdk/sdk/2.1.0/src/common/pico_time/timeout_helper.c.obj
LOAD CMakeFiles/supaCap_Code.dir/C_/Users/obrienes/.pico-sdk/sdk/2.1.0/src/rp2_common/hardware_timer/timer.c.obj
LOAD CMakeFiles/supaCap_Code.dir/C_/Users/obrienes/.pico-sdk/sdk/2.1.0/src/common/pico_util/datetime.c.obj
LOAD CMakeFiles/supaCap_Code.dir/C_/Users/obrienes/.pico-sdk/sdk/2.1.0/src/common/pico_util/pheap.c.obj
LOAD CMakeFiles/supaCap_Code.dir/C_/Users/obrienes/.pico-sdk/sdk/2.1.0/src/common/pico_util/queue.c.obj
LOAD CMakeFiles/supaCap_Code.dir/C_/Users/obrienes/.pico-sdk/sdk/2.1.0/src/rp2_common/hardware_uart/uart.c.obj
LOAD CMakeFiles/supaCap_Code.dir/C_/Users/obrienes/.pico-sdk/sdk/2.1.0/src/rp2_common/hardware_clocks/clocks.c.obj
LOAD CMakeFiles/supaCap_Code.dir/C_/Users/obrienes/.pico-sdk/sdk/2.1.0/src/rp2_common/hardware_pll/pll.c.obj
LOAD CMakeFiles/supaCap_Code.dir/C_/Users/obrienes/.pico-sdk/sdk/2.1.0/src/rp2_common/hardware_vreg/vreg.c.obj
LOAD CMakeFiles/supaCap_Code.dir/C_/Users/obrienes/.pico-sdk/sdk/2.1.0/src/rp2_common/hardware_watchdog/watchdog.c.obj
LOAD CMakeFiles/supaCap_Code.dir/C_/Users/obrienes/.pico-sdk/sdk/2.1.0/src/rp2_common/hardware_ticks/ticks.c.obj
LOAD CMakeFiles/supaCap_Code.dir/C_/Users/obrienes/.pico-sdk/sdk/2.1.0/src/rp2_common/pico_bootrom/bootrom.c.obj
LOAD CMakeFiles/supaCap_Code.dir/C_/Users/obrienes/.pico-sdk/sdk/2.1.0/src/rp2_common/pico_bootrom/bootrom_lock.c.obj
LOAD CMakeFiles/supaCap_Code.dir/C_/Users/obrienes/.pico-sdk/sdk/2.1.0/src/rp2_common/hardware_boot_lock/boot_lock.c.obj
LOAD CMakeFiles/supaCap_Code.dir/C_/Users/obrienes/.pico-sdk/sdk/2.1.0/src/rp2_common/pico_flash/flash.c.obj
LOAD CMakeFiles/supaCap_Code.dir/C_/Users/obrienes/.pico-sdk/sdk/2.1.0/src/rp2_common/hardware_xosc/xosc.c.obj
LOAD CMakeFiles/supaCap_Code.dir/C_/Users/obrienes/.pico-sdk/sdk/2.1.0/src/rp2_common/hardware_divider/divider.S.obj
LOAD CMakeFiles/supaCap_Code.dir/C_/Users/obrienes/.pico-sdk/sdk/2.1.0/src/rp2_common/pico_runtime/runtime.c.obj
LOAD CMakeFiles/supaCap_Code.dir/C_/Users/obrienes/.pico-sdk/sdk/2.1.0/src/rp2_common/pico_runtime_init/runtime_init.c.obj
LOAD CMakeFiles/supaCap_Code.dir/C_/Users/obrienes/.pico-sdk/sdk/2.1.0/src/rp2_common/pico_runtime_init/runtime_init_clocks.c.obj
LOAD CMakeFiles/supaCap_Code.dir/C_/Users/obrienes/.pico-sdk/sdk/2.1.0/src/rp2_common/pico_runtime_init/runtime_init_stack_guard.c.obj
LOAD CMakeFiles/supaCap_Code.dir/C_/Users/obrienes/.pico-sdk/sdk/2.1.0/src/rp2_common/pico_bit_ops/bit_ops_aeabi.S.obj
LOAD CMakeFiles/supaCap_Code.dir/C_/Users/obrienes/.pico-sdk/sdk/2.1.0/src/rp2_common/pico_divider/divider_hardware.S.obj
LOAD CMakeFiles/supaCap_Code.dir/C_/Users/obrienes/.pico-sdk/sdk/2.1.0/src/rp2_common/pico_double/double_aeabi_rp2040.S.obj
LOAD CMakeFiles/supaCap_Code.dir/C_/Users/obrienes/.pico-sdk/sdk/2.1.0/src/rp2_common/pico_double/double_init_rom_rp2040.c.obj
LOAD CMakeFiles/supaCap_Code.dir/C_/Users/obrienes/.pico-sdk/sdk/2.1.0/src/rp2_common/pico_double/double_math.c.obj
LOAD CMakeFiles/supaCap_Code.dir/C_/Users/obrienes/.pico-sdk/sdk/2.1.0/src/rp2_common/pico_double/double_v1_rom_shim_rp2040.S.obj
LOAD CMakeFiles/supaCap_Code.dir/C_/Users/obrienes/.pico-sdk/sdk/2.1.0/src/rp2_common/pico_int64_ops/pico_int64_ops_aeabi.S.obj
LOAD CMakeFiles/supaCap_Code.dir/C_/Users/obrienes/.pico-sdk/sdk/2.1.0/src/rp2_common/pico_float/float_aeabi_rp2040.S.obj
LOAD CMakeFiles/supaCap_Code.dir/C_/Users/obrienes/.pico-sdk/sdk/2.1.0/src/rp2_common/pico_float/float_init_rom_rp2040.c.obj
LOAD CMakeFiles/supaCap_Code.dir/C_/Users/obrienes/.pico-sdk/sdk/2.1.0/src/rp2_common/pico_float/float_math.c.obj
LOAD CMakeFiles/supaCap_Code.dir/C_/Users/obrienes/.pico-sdk/sdk/2.1.0/src/rp2_common/pico_float/float_v1_rom_shim_rp2040.S.obj
LOAD CMakeFiles/supaCap_Code.dir/C_/Users/obrienes/.pico-sdk/sdk/2.1.0/src/rp2_common/pico_malloc/malloc.c.obj
LOAD CMakeFiles/supaCap_Code.dir/C_/Users/obrienes/.pico-sdk/sdk/2.1.0/src/rp2_common/pico_mem_ops/mem_ops_aeabi.S.obj
LOAD CMakeFiles/supaCap_Code.dir/C_/Users/obrienes/.pico-sdk/sdk/2.1.0/src/rp2_common/pico_atomic/atomic.c.obj
LOAD CMakeFiles/supaCap_Code.dir/C_/Users/obrienes/.pico-sdk/sdk/2.1.0/src/rp2_common/pico_cxx_options/new_delete.cpp.obj
LOAD CMakeFiles/supaCap_Code.dir/02e8427686afe10cec6b4d0ed1e42061/src/rp2_common/pico_standard_binary_info/standard_binary_info.c.obj
LOAD CMakeFiles/supaCap_Code.dir/C_/Users/obrienes/.pico-sdk/sdk/2.1.0/src/rp2_common/pico_printf/printf.c.obj
LOAD CMakeFiles/supaCap_Code.dir/C_/Users/obrienes/.pico-sdk/sdk/2.1.0/src/rp2_common/pico_crt0/crt0.S.obj
LOAD CMakeFiles/supaCap_Code.dir/C_/Users/obrienes/.pico-sdk/sdk/2.1.0/src/rp2_common/pico_clib_interface/newlib_interface.c.obj
LOAD CMakeFiles/supaCap_Code.dir/C_/Users/obrienes/.pico-sdk/sdk/2.1.0/src/rp2_common/pico_stdio/stdio.c.obj
LOAD pico-sdk/src/rp2040/boot_stage2/CMakeFiles/bs2_default_library.dir/./bs2_default_padded_checksummed.S.obj
LOAD C:/Users/obrienes/.pico-sdk/toolchain/13_3_Rel1/bin/../lib/gcc/arm-none-eabi/13.3.1/thumb/v6-m/nofp\libstdc++.a
LOAD C:/Users/obrienes/.pico-sdk/toolchain/13_3_Rel1/bin/../lib/gcc/arm-none-eabi/13.3.1/thumb/v6-m/nofp\libm.a
START GROUP
LOAD C:/Users/obrienes/.pico-sdk/toolchain/13_3_Rel1/bin/../lib/gcc/arm-none-eabi/13.3.1/thumb/v6-m/nofp\libgcc.a
LOAD C:/Users/obrienes/.pico-sdk/toolchain/13_3_Rel1/bin/../lib/gcc/arm-none-eabi/13.3.1/thumb/v6-m/nofp\libg.a
LOAD C:/Users/obrienes/.pico-sdk/toolchain/13_3_Rel1/bin/../lib/gcc/arm-none-eabi/13.3.1/thumb/v6-m/nofp\libc.a
END GROUP
START GROUP
LOAD C:/Users/obrienes/.pico-sdk/toolchain/13_3_Rel1/bin/../lib/gcc/arm-none-eabi/13.3.1/thumb/v6-m/nofp\libgcc.a
LOAD C:/Users/obrienes/.pico-sdk/toolchain/13_3_Rel1/bin/../lib/gcc/arm-none-eabi/13.3.1/thumb/v6-m/nofp\libc.a
LOAD C:/Users/obrienes/.pico-sdk/toolchain/13_3_Rel1/bin/../lib/gcc/arm-none-eabi/13.3.1/thumb/v6-m/nofp\libnosys.a
END GROUP
LOAD C:/Users/obrienes/.pico-sdk/toolchain/13_3_Rel1/bin/../lib/gcc/arm-none-eabi/13.3.1/thumb/v6-m/nofp/crtend.o
LOAD C:/Users/obrienes/.pico-sdk/toolchain/13_3_Rel1/bin/../lib/gcc/arm-none-eabi/13.3.1/thumb/v6-m/nofp/crtn.o
OUTPUT(supaCap_Code.elf elf32-littlearm)
LOAD linker stubs

.ARM.attributes
                0x00000000       0x28
 .ARM.attributes
                0x00000000       0x1e C:/Users/obrienes/.pico-sdk/toolchain/13_3_Rel1/bin/../lib/gcc/arm-none-eabi/13.3.1/thumb/v6-m/nofp/crti.o
 .ARM.attributes
                0x0000001e       0x2c C:/Users/obrienes/.pico-sdk/toolchain/13_3_Rel1/bin/../lib/gcc/arm-none-eabi/13.3.1/thumb/v6-m/nofp/crtbegin.o
 .ARM.attributes
                0x0000004a       0x2c CMakeFiles/supaCap_Code.dir/supaCap_Code.c.obj
 .ARM.attributes
                0x00000076       0x2c CMakeFiles/supaCap_Code.dir/C_/Users/obrienes/.pico-sdk/sdk/2.1.0/src/rp2_common/pico_platform_panic/panic.c.obj
 .ARM.attributes
                0x000000a2       0x2c CMakeFiles/supaCap_Code.dir/C_/Users/obrienes/.pico-sdk/sdk/2.1.0/src/common/hardware_claim/claim.c.obj
 .ARM.attributes
                0x000000ce       0x2c CMakeFiles/supaCap_Code.dir/C_/Users/obrienes/.pico-sdk/sdk/2.1.0/src/rp2_common/hardware_sync/sync.c.obj
 .ARM.attributes
                0x000000fa       0x2c CMakeFiles/supaCap_Code.dir/C_/Users/obrienes/.pico-sdk/sdk/2.1.0/src/rp2_common/hardware_sync_spin_lock/sync_spin_lock.c.obj
 .ARM.attributes
                0x00000126       0x2c CMakeFiles/supaCap_Code.dir/C_/Users/obrienes/.pico-sdk/sdk/2.1.0/src/rp2_common/hardware_irq/irq.c.obj
 .ARM.attributes
                0x00000152       0x2c CMakeFiles/supaCap_Code.dir/C_/Users/obrienes/.pico-sdk/sdk/2.1.0/src/common/pico_sync/lock_core.c.obj
 .ARM.attributes
                0x0000017e       0x2c CMakeFiles/supaCap_Code.dir/C_/Users/obrienes/.pico-sdk/sdk/2.1.0/src/common/pico_sync/mutex.c.obj
 .ARM.attributes
                0x000001aa       0x2c CMakeFiles/supaCap_Code.dir/C_/Users/obrienes/.pico-sdk/sdk/2.1.0/src/common/pico_time/time.c.obj
 .ARM.attributes
                0x000001d6       0x2c CMakeFiles/supaCap_Code.dir/C_/Users/obrienes/.pico-sdk/sdk/2.1.0/src/rp2_common/hardware_timer/timer.c.obj
 .ARM.attributes
                0x00000202       0x2c CMakeFiles/supaCap_Code.dir/C_/Users/obrienes/.pico-sdk/sdk/2.1.0/src/rp2_common/hardware_clocks/clocks.c.obj
 .ARM.attributes
                0x0000022e       0x2c CMakeFiles/supaCap_Code.dir/C_/Users/obrienes/.pico-sdk/sdk/2.1.0/src/rp2_common/hardware_pll/pll.c.obj
 .ARM.attributes
                0x0000025a       0x2c CMakeFiles/supaCap_Code.dir/C_/Users/obrienes/.pico-sdk/sdk/2.1.0/src/rp2_common/hardware_ticks/ticks.c.obj
 .ARM.attributes
                0x00000286       0x2c CMakeFiles/supaCap_Code.dir/C_/Users/obrienes/.pico-sdk/sdk/2.1.0/src/rp2_common/pico_bootrom/bootrom.c.obj
 .ARM.attributes
                0x000002b2       0x2c CMakeFiles/supaCap_Code.dir/C_/Users/obrienes/.pico-sdk/sdk/2.1.0/src/rp2_common/hardware_xosc/xosc.c.obj
 .ARM.attributes
                0x000002de       0x2c CMakeFiles/supaCap_Code.dir/C_/Users/obrienes/.pico-sdk/sdk/2.1.0/src/rp2_common/pico_runtime/runtime.c.obj
 .ARM.attributes
                0x0000030a       0x2c CMakeFiles/supaCap_Code.dir/C_/Users/obrienes/.pico-sdk/sdk/2.1.0/src/rp2_common/pico_runtime_init/runtime_init.c.obj
 .ARM.attributes
                0x00000336       0x2c CMakeFiles/supaCap_Code.dir/C_/Users/obrienes/.pico-sdk/sdk/2.1.0/src/rp2_common/pico_runtime_init/runtime_init_clocks.c.obj
 .ARM.attributes
                0x00000362       0x22 CMakeFiles/supaCap_Code.dir/C_/Users/obrienes/.pico-sdk/sdk/2.1.0/src/rp2_common/pico_bit_ops/bit_ops_aeabi.S.obj
 .ARM.attributes
                0x00000384       0x22 CMakeFiles/supaCap_Code.dir/C_/Users/obrienes/.pico-sdk/sdk/2.1.0/src/rp2_common/pico_divider/divider_hardware.S.obj
 .ARM.attributes
                0x000003a6       0x22 CMakeFiles/supaCap_Code.dir/C_/Users/obrienes/.pico-sdk/sdk/2.1.0/src/rp2_common/pico_double/double_aeabi_rp2040.S.obj
 .ARM.attributes
                0x000003c8       0x2c CMakeFiles/supaCap_Code.dir/C_/Users/obrienes/.pico-sdk/sdk/2.1.0/src/rp2_common/pico_double/double_init_rom_rp2040.c.obj
 .ARM.attributes
                0x000003f4       0x22 CMakeFiles/supaCap_Code.dir/C_/Users/obrienes/.pico-sdk/sdk/2.1.0/src/rp2_common/pico_double/double_v1_rom_shim_rp2040.S.obj
 .ARM.attributes
                0x00000416       0x22 CMakeFiles/supaCap_Code.dir/C_/Users/obrienes/.pico-sdk/sdk/2.1.0/src/rp2_common/pico_int64_ops/pico_int64_ops_aeabi.S.obj
 .ARM.attributes
                0x00000438       0x22 CMakeFiles/supaCap_Code.dir/C_/Users/obrienes/.pico-sdk/sdk/2.1.0/src/rp2_common/pico_float/float_aeabi_rp2040.S.obj
 .ARM.attributes
                0x0000045a       0x2c CMakeFiles/supaCap_Code.dir/C_/Users/obrienes/.pico-sdk/sdk/2.1.0/src/rp2_common/pico_float/float_init_rom_rp2040.c.obj
 .ARM.attributes
                0x00000486       0x22 CMakeFiles/supaCap_Code.dir/C_/Users/obrienes/.pico-sdk/sdk/2.1.0/src/rp2_common/pico_float/float_v1_rom_shim_rp2040.S.obj
 .ARM.attributes
                0x000004a8       0x22 CMakeFiles/supaCap_Code.dir/C_/Users/obrienes/.pico-sdk/sdk/2.1.0/src/rp2_common/pico_mem_ops/mem_ops_aeabi.S.obj
 .ARM.attributes
                0x000004ca       0x2c CMakeFiles/supaCap_Code.dir/02e8427686afe10cec6b4d0ed1e42061/src/rp2_common/pico_standard_binary_info/standard_binary_info.c.obj
 .ARM.attributes
                0x000004f6       0x2c CMakeFiles/supaCap_Code.dir/C_/Users/obrienes/.pico-sdk/sdk/2.1.0/src/rp2_common/pico_printf/printf.c.obj
 .ARM.attributes
                0x00000522       0x22 CMakeFiles/supaCap_Code.dir/C_/Users/obrienes/.pico-sdk/sdk/2.1.0/src/rp2_common/pico_crt0/crt0.S.obj
 .ARM.attributes
                0x00000544       0x2c CMakeFiles/supaCap_Code.dir/C_/Users/obrienes/.pico-sdk/sdk/2.1.0/src/rp2_common/pico_clib_interface/newlib_interface.c.obj
 .ARM.attributes
                0x00000570       0x2c CMakeFiles/supaCap_Code.dir/C_/Users/obrienes/.pico-sdk/sdk/2.1.0/src/rp2_common/pico_stdio/stdio.c.obj
 .ARM.attributes
                0x0000059c       0x22 pico-sdk/src/rp2040/boot_stage2/CMakeFiles/bs2_default_library.dir/./bs2_default_padded_checksummed.S.obj
 .ARM.attributes
                0x000005be       0x1e C:/Users/obrienes/.pico-sdk/toolchain/13_3_Rel1/bin/../lib/gcc/arm-none-eabi/13.3.1/thumb/v6-m/nofp\libgcc.a(_dvmd_tls.o)
 .ARM.attributes
                0x000005dc       0x2c C:/Users/obrienes/.pico-sdk/toolchain/13_3_Rel1/bin/../lib/gcc/arm-none-eabi/13.3.1/thumb/v6-m/nofp\libg.a(libc_a-strlen-stub.o)
 .ARM.attributes
                0x00000608       0x2c C:/Users/obrienes/.pico-sdk/toolchain/13_3_Rel1/bin/../lib/gcc/arm-none-eabi/13.3.1/thumb/v6-m/nofp/crtend.o

.comment        0x00000000       0x45
 .comment       0x00000000       0x45 CMakeFiles/supaCap_Code.dir/supaCap_Code.c.obj
                                 0x46 (size before relaxing)
 .comment       0x00000045       0x46 CMakeFiles/supaCap_Code.dir/C_/Users/obrienes/.pico-sdk/sdk/2.1.0/src/rp2_common/pico_platform_panic/panic.c.obj
 .comment       0x00000045       0x46 CMakeFiles/supaCap_Code.dir/C_/Users/obrienes/.pico-sdk/sdk/2.1.0/src/common/hardware_claim/claim.c.obj
 .comment       0x00000045       0x46 CMakeFiles/supaCap_Code.dir/C_/Users/obrienes/.pico-sdk/sdk/2.1.0/src/rp2_common/hardware_sync/sync.c.obj
 .comment       0x00000045       0x46 CMakeFiles/supaCap_Code.dir/C_/Users/obrienes/.pico-sdk/sdk/2.1.0/src/rp2_common/hardware_sync_spin_lock/sync_spin_lock.c.obj
 .comment       0x00000045       0x46 CMakeFiles/supaCap_Code.dir/C_/Users/obrienes/.pico-sdk/sdk/2.1.0/src/rp2_common/hardware_irq/irq.c.obj
 .comment       0x00000045       0x46 CMakeFiles/supaCap_Code.dir/C_/Users/obrienes/.pico-sdk/sdk/2.1.0/src/common/pico_sync/lock_core.c.obj
 .comment       0x00000045       0x46 CMakeFiles/supaCap_Code.dir/C_/Users/obrienes/.pico-sdk/sdk/2.1.0/src/common/pico_sync/mutex.c.obj
 .comment       0x00000045       0x46 CMakeFiles/supaCap_Code.dir/C_/Users/obrienes/.pico-sdk/sdk/2.1.0/src/common/pico_time/time.c.obj
 .comment       0x00000045       0x46 CMakeFiles/supaCap_Code.dir/C_/Users/obrienes/.pico-sdk/sdk/2.1.0/src/rp2_common/hardware_timer/timer.c.obj
 .comment       0x00000045       0x46 CMakeFiles/supaCap_Code.dir/C_/Users/obrienes/.pico-sdk/sdk/2.1.0/src/rp2_common/hardware_clocks/clocks.c.obj
 .comment       0x00000045       0x46 CMakeFiles/supaCap_Code.dir/C_/Users/obrienes/.pico-sdk/sdk/2.1.0/src/rp2_common/hardware_pll/pll.c.obj
 .comment       0x00000045       0x46 CMakeFiles/supaCap_Code.dir/C_/Users/obrienes/.pico-sdk/sdk/2.1.0/src/rp2_common/hardware_ticks/ticks.c.obj
 .comment       0x00000045       0x46 CMakeFiles/supaCap_Code.dir/C_/Users/obrienes/.pico-sdk/sdk/2.1.0/src/rp2_common/pico_bootrom/bootrom.c.obj
 .comment       0x00000045       0x46 CMakeFiles/supaCap_Code.dir/C_/Users/obrienes/.pico-sdk/sdk/2.1.0/src/rp2_common/hardware_xosc/xosc.c.obj
 .comment       0x00000045       0x46 CMakeFiles/supaCap_Code.dir/C_/Users/obrienes/.pico-sdk/sdk/2.1.0/src/rp2_common/pico_runtime/runtime.c.obj
 .comment       0x00000045       0x46 CMakeFiles/supaCap_Code.dir/C_/Users/obrienes/.pico-sdk/sdk/2.1.0/src/rp2_common/pico_runtime_init/runtime_init.c.obj
 .comment       0x00000045       0x46 CMakeFiles/supaCap_Code.dir/C_/Users/obrienes/.pico-sdk/sdk/2.1.0/src/rp2_common/pico_runtime_init/runtime_init_clocks.c.obj
 .comment       0x00000045       0x46 CMakeFiles/supaCap_Code.dir/C_/Users/obrienes/.pico-sdk/sdk/2.1.0/src/rp2_common/pico_double/double_init_rom_rp2040.c.obj
 .comment       0x00000045       0x46 CMakeFiles/supaCap_Code.dir/C_/Users/obrienes/.pico-sdk/sdk/2.1.0/src/rp2_common/pico_float/float_init_rom_rp2040.c.obj
 .comment       0x00000045       0x46 CMakeFiles/supaCap_Code.dir/02e8427686afe10cec6b4d0ed1e42061/src/rp2_common/pico_standard_binary_info/standard_binary_info.c.obj
 .comment       0x00000045       0x46 CMakeFiles/supaCap_Code.dir/C_/Users/obrienes/.pico-sdk/sdk/2.1.0/src/rp2_common/pico_printf/printf.c.obj
 .comment       0x00000045       0x46 CMakeFiles/supaCap_Code.dir/C_/Users/obrienes/.pico-sdk/sdk/2.1.0/src/rp2_common/pico_clib_interface/newlib_interface.c.obj
 .comment       0x00000045       0x46 CMakeFiles/supaCap_Code.dir/C_/Users/obrienes/.pico-sdk/sdk/2.1.0/src/rp2_common/pico_stdio/stdio.c.obj

.debug_info     0x00000000    0x16c36
 .debug_info    0x00000000      0x10d CMakeFiles/supaCap_Code.dir/supaCap_Code.c.obj
 .debug_info    0x0000010d      0x1bf CMakeFiles/supaCap_Code.dir/C_/Users/obrienes/.pico-sdk/sdk/2.1.0/src/rp2_common/pico_platform_panic/panic.c.obj
 .debug_info    0x000002cc      0x995 CMakeFiles/supaCap_Code.dir/C_/Users/obrienes/.pico-sdk/sdk/2.1.0/src/common/hardware_claim/claim.c.obj
 .debug_info    0x00000c61      0x458 CMakeFiles/supaCap_Code.dir/C_/Users/obrienes/.pico-sdk/sdk/2.1.0/src/rp2_common/hardware_sync/sync.c.obj
 .debug_info    0x000010b9      0x245 CMakeFiles/supaCap_Code.dir/C_/Users/obrienes/.pico-sdk/sdk/2.1.0/src/rp2_common/hardware_sync_spin_lock/sync_spin_lock.c.obj
 .debug_info    0x000012fe     0x21a8 CMakeFiles/supaCap_Code.dir/C_/Users/obrienes/.pico-sdk/sdk/2.1.0/src/rp2_common/hardware_irq/irq.c.obj
 .debug_info    0x000034a6      0x15f CMakeFiles/supaCap_Code.dir/C_/Users/obrienes/.pico-sdk/sdk/2.1.0/src/common/pico_sync/lock_core.c.obj
 .debug_info    0x00003605     0x2803 CMakeFiles/supaCap_Code.dir/C_/Users/obrienes/.pico-sdk/sdk/2.1.0/src/common/pico_sync/mutex.c.obj
 .debug_info    0x00005e08     0x485e CMakeFiles/supaCap_Code.dir/C_/Users/obrienes/.pico-sdk/sdk/2.1.0/src/common/pico_time/time.c.obj
 .debug_info    0x0000a666     0x2b11 CMakeFiles/supaCap_Code.dir/C_/Users/obrienes/.pico-sdk/sdk/2.1.0/src/rp2_common/hardware_timer/timer.c.obj
 .debug_info    0x0000d177     0x2935 CMakeFiles/supaCap_Code.dir/C_/Users/obrienes/.pico-sdk/sdk/2.1.0/src/rp2_common/hardware_clocks/clocks.c.obj
 .debug_info    0x0000faac      0x4e5 CMakeFiles/supaCap_Code.dir/C_/Users/obrienes/.pico-sdk/sdk/2.1.0/src/rp2_common/hardware_pll/pll.c.obj
 .debug_info    0x0000ff91      0x248 CMakeFiles/supaCap_Code.dir/C_/Users/obrienes/.pico-sdk/sdk/2.1.0/src/rp2_common/hardware_ticks/ticks.c.obj
 .debug_info    0x000101d9      0x633 CMakeFiles/supaCap_Code.dir/C_/Users/obrienes/.pico-sdk/sdk/2.1.0/src/rp2_common/pico_bootrom/bootrom.c.obj
 .debug_info    0x0001080c      0x1cc CMakeFiles/supaCap_Code.dir/C_/Users/obrienes/.pico-sdk/sdk/2.1.0/src/rp2_common/hardware_xosc/xosc.c.obj
 .debug_info    0x000109d8      0x21a CMakeFiles/supaCap_Code.dir/C_/Users/obrienes/.pico-sdk/sdk/2.1.0/src/rp2_common/pico_runtime/runtime.c.obj
 .debug_info    0x00010bf2      0x795 CMakeFiles/supaCap_Code.dir/C_/Users/obrienes/.pico-sdk/sdk/2.1.0/src/rp2_common/pico_runtime_init/runtime_init.c.obj
 .debug_info    0x00011387      0x780 CMakeFiles/supaCap_Code.dir/C_/Users/obrienes/.pico-sdk/sdk/2.1.0/src/rp2_common/pico_runtime_init/runtime_init_clocks.c.obj
 .debug_info    0x00011b07       0x23 CMakeFiles/supaCap_Code.dir/C_/Users/obrienes/.pico-sdk/sdk/2.1.0/src/rp2_common/pico_bit_ops/bit_ops_aeabi.S.obj
 .debug_info    0x00011b2a       0x23 CMakeFiles/supaCap_Code.dir/C_/Users/obrienes/.pico-sdk/sdk/2.1.0/src/rp2_common/pico_divider/divider_hardware.S.obj
 .debug_info    0x00011b4d       0x23 CMakeFiles/supaCap_Code.dir/C_/Users/obrienes/.pico-sdk/sdk/2.1.0/src/rp2_common/pico_double/double_aeabi_rp2040.S.obj
 .debug_info    0x00011b70      0x28a CMakeFiles/supaCap_Code.dir/C_/Users/obrienes/.pico-sdk/sdk/2.1.0/src/rp2_common/pico_double/double_init_rom_rp2040.c.obj
 .debug_info    0x00011dfa       0x23 CMakeFiles/supaCap_Code.dir/C_/Users/obrienes/.pico-sdk/sdk/2.1.0/src/rp2_common/pico_double/double_v1_rom_shim_rp2040.S.obj
 .debug_info    0x00011e1d       0x24 CMakeFiles/supaCap_Code.dir/C_/Users/obrienes/.pico-sdk/sdk/2.1.0/src/rp2_common/pico_int64_ops/pico_int64_ops_aeabi.S.obj
 .debug_info    0x00011e41       0x23 CMakeFiles/supaCap_Code.dir/C_/Users/obrienes/.pico-sdk/sdk/2.1.0/src/rp2_common/pico_float/float_aeabi_rp2040.S.obj
 .debug_info    0x00011e64      0x28a CMakeFiles/supaCap_Code.dir/C_/Users/obrienes/.pico-sdk/sdk/2.1.0/src/rp2_common/pico_float/float_init_rom_rp2040.c.obj
 .debug_info    0x000120ee       0x23 CMakeFiles/supaCap_Code.dir/C_/Users/obrienes/.pico-sdk/sdk/2.1.0/src/rp2_common/pico_float/float_v1_rom_shim_rp2040.S.obj
 .debug_info    0x00012111       0x23 CMakeFiles/supaCap_Code.dir/C_/Users/obrienes/.pico-sdk/sdk/2.1.0/src/rp2_common/pico_mem_ops/mem_ops_aeabi.S.obj
 .debug_info    0x00012134      0x2e2 CMakeFiles/supaCap_Code.dir/02e8427686afe10cec6b4d0ed1e42061/src/rp2_common/pico_standard_binary_info/standard_binary_info.c.obj
 .debug_info    0x00012416     0x211a CMakeFiles/supaCap_Code.dir/C_/Users/obrienes/.pico-sdk/sdk/2.1.0/src/rp2_common/pico_printf/printf.c.obj
 .debug_info    0x00014530       0x23 CMakeFiles/supaCap_Code.dir/C_/Users/obrienes/.pico-sdk/sdk/2.1.0/src/rp2_common/pico_crt0/crt0.S.obj
 .debug_info    0x00014553      0xb54 CMakeFiles/supaCap_Code.dir/C_/Users/obrienes/.pico-sdk/sdk/2.1.0/src/rp2_common/pico_clib_interface/newlib_interface.c.obj
 .debug_info    0x000150a7     0x1b8f CMakeFiles/supaCap_Code.dir/C_/Users/obrienes/.pico-sdk/sdk/2.1.0/src/rp2_common/pico_stdio/stdio.c.obj

.debug_abbrev   0x00000000     0x439a
 .debug_abbrev  0x00000000       0xbc CMakeFiles/supaCap_Code.dir/supaCap_Code.c.obj
 .debug_abbrev  0x000000bc      0x12b CMakeFiles/supaCap_Code.dir/C_/Users/obrienes/.pico-sdk/sdk/2.1.0/src/rp2_common/pico_platform_panic/panic.c.obj
 .debug_abbrev  0x000001e7      0x33b CMakeFiles/supaCap_Code.dir/C_/Users/obrienes/.pico-sdk/sdk/2.1.0/src/common/hardware_claim/claim.c.obj
 .debug_abbrev  0x00000522      0x20d CMakeFiles/supaCap_Code.dir/C_/Users/obrienes/.pico-sdk/sdk/2.1.0/src/rp2_common/hardware_sync/sync.c.obj
 .debug_abbrev  0x0000072f      0x1bb CMakeFiles/supaCap_Code.dir/C_/Users/obrienes/.pico-sdk/sdk/2.1.0/src/rp2_common/hardware_sync_spin_lock/sync_spin_lock.c.obj
 .debug_abbrev  0x000008ea      0x5ff CMakeFiles/supaCap_Code.dir/C_/Users/obrienes/.pico-sdk/sdk/2.1.0/src/rp2_common/hardware_irq/irq.c.obj
 .debug_abbrev  0x00000ee9       0xee CMakeFiles/supaCap_Code.dir/C_/Users/obrienes/.pico-sdk/sdk/2.1.0/src/common/pico_sync/lock_core.c.obj
 .debug_abbrev  0x00000fd7      0x48c CMakeFiles/supaCap_Code.dir/C_/Users/obrienes/.pico-sdk/sdk/2.1.0/src/common/pico_sync/mutex.c.obj
 .debug_abbrev  0x00001463      0x67b CMakeFiles/supaCap_Code.dir/C_/Users/obrienes/.pico-sdk/sdk/2.1.0/src/common/pico_time/time.c.obj
 .debug_abbrev  0x00001ade      0x4f2 CMakeFiles/supaCap_Code.dir/C_/Users/obrienes/.pico-sdk/sdk/2.1.0/src/rp2_common/hardware_timer/timer.c.obj
 .debug_abbrev  0x00001fd0      0x4e2 CMakeFiles/supaCap_Code.dir/C_/Users/obrienes/.pico-sdk/sdk/2.1.0/src/rp2_common/hardware_clocks/clocks.c.obj
 .debug_abbrev  0x000024b2      0x1d2 CMakeFiles/supaCap_Code.dir/C_/Users/obrienes/.pico-sdk/sdk/2.1.0/src/rp2_common/hardware_pll/pll.c.obj
 .debug_abbrev  0x00002684      0x145 CMakeFiles/supaCap_Code.dir/C_/Users/obrienes/.pico-sdk/sdk/2.1.0/src/rp2_common/hardware_ticks/ticks.c.obj
 .debug_abbrev  0x000027c9      0x1d7 CMakeFiles/supaCap_Code.dir/C_/Users/obrienes/.pico-sdk/sdk/2.1.0/src/rp2_common/pico_bootrom/bootrom.c.obj
 .debug_abbrev  0x000029a0      0x11b CMakeFiles/supaCap_Code.dir/C_/Users/obrienes/.pico-sdk/sdk/2.1.0/src/rp2_common/hardware_xosc/xosc.c.obj
 .debug_abbrev  0x00002abb      0x182 CMakeFiles/supaCap_Code.dir/C_/Users/obrienes/.pico-sdk/sdk/2.1.0/src/rp2_common/pico_runtime/runtime.c.obj
 .debug_abbrev  0x00002c3d      0x222 CMakeFiles/supaCap_Code.dir/C_/Users/obrienes/.pico-sdk/sdk/2.1.0/src/rp2_common/pico_runtime_init/runtime_init.c.obj
 .debug_abbrev  0x00002e5f      0x294 CMakeFiles/supaCap_Code.dir/C_/Users/obrienes/.pico-sdk/sdk/2.1.0/src/rp2_common/pico_runtime_init/runtime_init_clocks.c.obj
 .debug_abbrev  0x000030f3       0x12 CMakeFiles/supaCap_Code.dir/C_/Users/obrienes/.pico-sdk/sdk/2.1.0/src/rp2_common/pico_bit_ops/bit_ops_aeabi.S.obj
 .debug_abbrev  0x00003105       0x12 CMakeFiles/supaCap_Code.dir/C_/Users/obrienes/.pico-sdk/sdk/2.1.0/src/rp2_common/pico_divider/divider_hardware.S.obj
 .debug_abbrev  0x00003117       0x12 CMakeFiles/supaCap_Code.dir/C_/Users/obrienes/.pico-sdk/sdk/2.1.0/src/rp2_common/pico_double/double_aeabi_rp2040.S.obj
 .debug_abbrev  0x00003129      0x17a CMakeFiles/supaCap_Code.dir/C_/Users/obrienes/.pico-sdk/sdk/2.1.0/src/rp2_common/pico_double/double_init_rom_rp2040.c.obj
 .debug_abbrev  0x000032a3       0x12 CMakeFiles/supaCap_Code.dir/C_/Users/obrienes/.pico-sdk/sdk/2.1.0/src/rp2_common/pico_double/double_v1_rom_shim_rp2040.S.obj
 .debug_abbrev  0x000032b5       0x14 CMakeFiles/supaCap_Code.dir/C_/Users/obrienes/.pico-sdk/sdk/2.1.0/src/rp2_common/pico_int64_ops/pico_int64_ops_aeabi.S.obj
 .debug_abbrev  0x000032c9       0x12 CMakeFiles/supaCap_Code.dir/C_/Users/obrienes/.pico-sdk/sdk/2.1.0/src/rp2_common/pico_float/float_aeabi_rp2040.S.obj
 .debug_abbrev  0x000032db      0x173 CMakeFiles/supaCap_Code.dir/C_/Users/obrienes/.pico-sdk/sdk/2.1.0/src/rp2_common/pico_float/float_init_rom_rp2040.c.obj
 .debug_abbrev  0x0000344e       0x12 CMakeFiles/supaCap_Code.dir/C_/Users/obrienes/.pico-sdk/sdk/2.1.0/src/rp2_common/pico_float/float_v1_rom_shim_rp2040.S.obj
 .debug_abbrev  0x00003460       0x12 CMakeFiles/supaCap_Code.dir/C_/Users/obrienes/.pico-sdk/sdk/2.1.0/src/rp2_common/pico_mem_ops/mem_ops_aeabi.S.obj
 .debug_abbrev  0x00003472       0xb8 CMakeFiles/supaCap_Code.dir/02e8427686afe10cec6b4d0ed1e42061/src/rp2_common/pico_standard_binary_info/standard_binary_info.c.obj
 .debug_abbrev  0x0000352a      0x525 CMakeFiles/supaCap_Code.dir/C_/Users/obrienes/.pico-sdk/sdk/2.1.0/src/rp2_common/pico_printf/printf.c.obj
 .debug_abbrev  0x00003a4f       0x12 CMakeFiles/supaCap_Code.dir/C_/Users/obrienes/.pico-sdk/sdk/2.1.0/src/rp2_common/pico_crt0/crt0.S.obj
 .debug_abbrev  0x00003a61      0x352 CMakeFiles/supaCap_Code.dir/C_/Users/obrienes/.pico-sdk/sdk/2.1.0/src/rp2_common/pico_clib_interface/newlib_interface.c.obj
 .debug_abbrev  0x00003db3      0x5e7 CMakeFiles/supaCap_Code.dir/C_/Users/obrienes/.pico-sdk/sdk/2.1.0/src/rp2_common/pico_stdio/stdio.c.obj

.debug_aranges  0x00000000      0xd28
 .debug_aranges
                0x00000000       0x20 CMakeFiles/supaCap_Code.dir/supaCap_Code.c.obj
 .debug_aranges
                0x00000020       0x28 CMakeFiles/supaCap_Code.dir/C_/Users/obrienes/.pico-sdk/sdk/2.1.0/src/rp2_common/pico_platform_panic/panic.c.obj
 .debug_aranges
                0x00000048       0x48 CMakeFiles/supaCap_Code.dir/C_/Users/obrienes/.pico-sdk/sdk/2.1.0/src/common/hardware_claim/claim.c.obj
 .debug_aranges
                0x00000090       0x48 CMakeFiles/supaCap_Code.dir/C_/Users/obrienes/.pico-sdk/sdk/2.1.0/src/rp2_common/hardware_sync/sync.c.obj
 .debug_aranges
                0x000000d8       0x28 CMakeFiles/supaCap_Code.dir/C_/Users/obrienes/.pico-sdk/sdk/2.1.0/src/rp2_common/hardware_sync_spin_lock/sync_spin_lock.c.obj
 .debug_aranges
                0x00000100       0xb0 CMakeFiles/supaCap_Code.dir/C_/Users/obrienes/.pico-sdk/sdk/2.1.0/src/rp2_common/hardware_irq/irq.c.obj
 .debug_aranges
                0x000001b0       0x20 CMakeFiles/supaCap_Code.dir/C_/Users/obrienes/.pico-sdk/sdk/2.1.0/src/common/pico_sync/lock_core.c.obj
 .debug_aranges
                0x000001d0       0x98 CMakeFiles/supaCap_Code.dir/C_/Users/obrienes/.pico-sdk/sdk/2.1.0/src/common/pico_sync/mutex.c.obj
 .debug_aranges
                0x00000268       0xe0 CMakeFiles/supaCap_Code.dir/C_/Users/obrienes/.pico-sdk/sdk/2.1.0/src/common/pico_time/time.c.obj
 .debug_aranges
                0x00000348       0xf0 CMakeFiles/supaCap_Code.dir/C_/Users/obrienes/.pico-sdk/sdk/2.1.0/src/rp2_common/hardware_timer/timer.c.obj
 .debug_aranges
                0x00000438       0x90 CMakeFiles/supaCap_Code.dir/C_/Users/obrienes/.pico-sdk/sdk/2.1.0/src/rp2_common/hardware_clocks/clocks.c.obj
 .debug_aranges
                0x000004c8       0x28 CMakeFiles/supaCap_Code.dir/C_/Users/obrienes/.pico-sdk/sdk/2.1.0/src/rp2_common/hardware_pll/pll.c.obj
 .debug_aranges
                0x000004f0       0x30 CMakeFiles/supaCap_Code.dir/C_/Users/obrienes/.pico-sdk/sdk/2.1.0/src/rp2_common/hardware_ticks/ticks.c.obj
 .debug_aranges
                0x00000520       0x40 CMakeFiles/supaCap_Code.dir/C_/Users/obrienes/.pico-sdk/sdk/2.1.0/src/rp2_common/pico_bootrom/bootrom.c.obj
 .debug_aranges
                0x00000560       0x30 CMakeFiles/supaCap_Code.dir/C_/Users/obrienes/.pico-sdk/sdk/2.1.0/src/rp2_common/hardware_xosc/xosc.c.obj
 .debug_aranges
                0x00000590       0x38 CMakeFiles/supaCap_Code.dir/C_/Users/obrienes/.pico-sdk/sdk/2.1.0/src/rp2_common/pico_runtime/runtime.c.obj
 .debug_aranges
                0x000005c8       0x48 CMakeFiles/supaCap_Code.dir/C_/Users/obrienes/.pico-sdk/sdk/2.1.0/src/rp2_common/pico_runtime_init/runtime_init.c.obj
 .debug_aranges
                0x00000610       0x20 CMakeFiles/supaCap_Code.dir/C_/Users/obrienes/.pico-sdk/sdk/2.1.0/src/rp2_common/pico_runtime_init/runtime_init_clocks.c.obj
 .debug_aranges
                0x00000630       0x60 CMakeFiles/supaCap_Code.dir/C_/Users/obrienes/.pico-sdk/sdk/2.1.0/src/rp2_common/pico_bit_ops/bit_ops_aeabi.S.obj
 .debug_aranges
                0x00000690       0x40 CMakeFiles/supaCap_Code.dir/C_/Users/obrienes/.pico-sdk/sdk/2.1.0/src/rp2_common/pico_divider/divider_hardware.S.obj
 .debug_aranges
                0x000006d0      0x140 CMakeFiles/supaCap_Code.dir/C_/Users/obrienes/.pico-sdk/sdk/2.1.0/src/rp2_common/pico_double/double_aeabi_rp2040.S.obj
 .debug_aranges
                0x00000810       0x20 CMakeFiles/supaCap_Code.dir/C_/Users/obrienes/.pico-sdk/sdk/2.1.0/src/rp2_common/pico_double/double_init_rom_rp2040.c.obj
 .debug_aranges
                0x00000830       0xc8 CMakeFiles/supaCap_Code.dir/C_/Users/obrienes/.pico-sdk/sdk/2.1.0/src/rp2_common/pico_double/double_v1_rom_shim_rp2040.S.obj
 .debug_aranges
                0x000008f8       0x20 CMakeFiles/supaCap_Code.dir/C_/Users/obrienes/.pico-sdk/sdk/2.1.0/src/rp2_common/pico_int64_ops/pico_int64_ops_aeabi.S.obj
 .debug_aranges
                0x00000918      0x130 CMakeFiles/supaCap_Code.dir/C_/Users/obrienes/.pico-sdk/sdk/2.1.0/src/rp2_common/pico_float/float_aeabi_rp2040.S.obj
 .debug_aranges
                0x00000a48       0x20 CMakeFiles/supaCap_Code.dir/C_/Users/obrienes/.pico-sdk/sdk/2.1.0/src/rp2_common/pico_float/float_init_rom_rp2040.c.obj
 .debug_aranges
                0x00000a68       0x50 CMakeFiles/supaCap_Code.dir/C_/Users/obrienes/.pico-sdk/sdk/2.1.0/src/rp2_common/pico_float/float_v1_rom_shim_rp2040.S.obj
 .debug_aranges
                0x00000ab8       0x38 CMakeFiles/supaCap_Code.dir/C_/Users/obrienes/.pico-sdk/sdk/2.1.0/src/rp2_common/pico_mem_ops/mem_ops_aeabi.S.obj
 .debug_aranges
                0x00000af0       0x18 CMakeFiles/supaCap_Code.dir/02e8427686afe10cec6b4d0ed1e42061/src/rp2_common/pico_standard_binary_info/standard_binary_info.c.obj
 .debug_aranges
                0x00000b08       0x90 CMakeFiles/supaCap_Code.dir/C_/Users/obrienes/.pico-sdk/sdk/2.1.0/src/rp2_common/pico_printf/printf.c.obj
 .debug_aranges
                0x00000b98       0x28 CMakeFiles/supaCap_Code.dir/C_/Users/obrienes/.pico-sdk/sdk/2.1.0/src/rp2_common/pico_crt0/crt0.S.obj
 .debug_aranges
                0x00000bc0       0xa0 CMakeFiles/supaCap_Code.dir/C_/Users/obrienes/.pico-sdk/sdk/2.1.0/src/rp2_common/pico_clib_interface/newlib_interface.c.obj
 .debug_aranges
                0x00000c60       0xc8 CMakeFiles/supaCap_Code.dir/C_/Users/obrienes/.pico-sdk/sdk/2.1.0/src/rp2_common/pico_stdio/stdio.c.obj

.debug_rnglists
                0x00000000     0x228d
 .debug_rnglists
                0x00000000       0x13 CMakeFiles/supaCap_Code.dir/supaCap_Code.c.obj
 .debug_rnglists
                0x00000013       0x19 CMakeFiles/supaCap_Code.dir/C_/Users/obrienes/.pico-sdk/sdk/2.1.0/src/rp2_common/pico_platform_panic/panic.c.obj
 .debug_rnglists
                0x0000002c       0xc5 CMakeFiles/supaCap_Code.dir/C_/Users/obrienes/.pico-sdk/sdk/2.1.0/src/common/hardware_claim/claim.c.obj
 .debug_rnglists
                0x000000f1       0x67 CMakeFiles/supaCap_Code.dir/C_/Users/obrienes/.pico-sdk/sdk/2.1.0/src/rp2_common/hardware_sync/sync.c.obj
 .debug_rnglists
                0x00000158       0x3d CMakeFiles/supaCap_Code.dir/C_/Users/obrienes/.pico-sdk/sdk/2.1.0/src/rp2_common/hardware_sync_spin_lock/sync_spin_lock.c.obj
 .debug_rnglists
                0x00000195      0x355 CMakeFiles/supaCap_Code.dir/C_/Users/obrienes/.pico-sdk/sdk/2.1.0/src/rp2_common/hardware_irq/irq.c.obj
 .debug_rnglists
                0x000004ea       0x1f CMakeFiles/supaCap_Code.dir/C_/Users/obrienes/.pico-sdk/sdk/2.1.0/src/common/pico_sync/lock_core.c.obj
 .debug_rnglists
                0x00000509      0x32c CMakeFiles/supaCap_Code.dir/C_/Users/obrienes/.pico-sdk/sdk/2.1.0/src/common/pico_sync/mutex.c.obj
 .debug_rnglists
                0x00000835      0x77c CMakeFiles/supaCap_Code.dir/C_/Users/obrienes/.pico-sdk/sdk/2.1.0/src/common/pico_time/time.c.obj
 .debug_rnglists
                0x00000fb1      0x2c6 CMakeFiles/supaCap_Code.dir/C_/Users/obrienes/.pico-sdk/sdk/2.1.0/src/rp2_common/hardware_timer/timer.c.obj
 .debug_rnglists
                0x00001277      0x4ad CMakeFiles/supaCap_Code.dir/C_/Users/obrienes/.pico-sdk/sdk/2.1.0/src/rp2_common/hardware_clocks/clocks.c.obj
 .debug_rnglists
                0x00001724       0x5c CMakeFiles/supaCap_Code.dir/C_/Users/obrienes/.pico-sdk/sdk/2.1.0/src/rp2_common/hardware_pll/pll.c.obj
 .debug_rnglists
                0x00001780       0x2b CMakeFiles/supaCap_Code.dir/C_/Users/obrienes/.pico-sdk/sdk/2.1.0/src/rp2_common/hardware_ticks/ticks.c.obj
 .debug_rnglists
                0x000017ab      0x10c CMakeFiles/supaCap_Code.dir/C_/Users/obrienes/.pico-sdk/sdk/2.1.0/src/rp2_common/pico_bootrom/bootrom.c.obj
 .debug_rnglists
                0x000018b7       0x2b CMakeFiles/supaCap_Code.dir/C_/Users/obrienes/.pico-sdk/sdk/2.1.0/src/rp2_common/hardware_xosc/xosc.c.obj
 .debug_rnglists
                0x000018e2       0x3d CMakeFiles/supaCap_Code.dir/C_/Users/obrienes/.pico-sdk/sdk/2.1.0/src/rp2_common/pico_runtime/runtime.c.obj
 .debug_rnglists
                0x0000191f       0x49 CMakeFiles/supaCap_Code.dir/C_/Users/obrienes/.pico-sdk/sdk/2.1.0/src/rp2_common/pico_runtime_init/runtime_init.c.obj
 .debug_rnglists
                0x00001968       0x20 CMakeFiles/supaCap_Code.dir/C_/Users/obrienes/.pico-sdk/sdk/2.1.0/src/rp2_common/pico_runtime_init/runtime_init_clocks.c.obj
 .debug_rnglists
                0x00001988       0x43 CMakeFiles/supaCap_Code.dir/C_/Users/obrienes/.pico-sdk/sdk/2.1.0/src/rp2_common/pico_bit_ops/bit_ops_aeabi.S.obj
 .debug_rnglists
                0x000019cb       0x2c CMakeFiles/supaCap_Code.dir/C_/Users/obrienes/.pico-sdk/sdk/2.1.0/src/rp2_common/pico_divider/divider_hardware.S.obj
 .debug_rnglists
                0x000019f7       0xed CMakeFiles/supaCap_Code.dir/C_/Users/obrienes/.pico-sdk/sdk/2.1.0/src/rp2_common/pico_double/double_aeabi_rp2040.S.obj
 .debug_rnglists
                0x00001ae4       0x14 CMakeFiles/supaCap_Code.dir/C_/Users/obrienes/.pico-sdk/sdk/2.1.0/src/rp2_common/pico_double/double_init_rom_rp2040.c.obj
 .debug_rnglists
                0x00001af8       0x99 CMakeFiles/supaCap_Code.dir/C_/Users/obrienes/.pico-sdk/sdk/2.1.0/src/rp2_common/pico_double/double_v1_rom_shim_rp2040.S.obj
 .debug_rnglists
                0x00001b91       0xdf CMakeFiles/supaCap_Code.dir/C_/Users/obrienes/.pico-sdk/sdk/2.1.0/src/rp2_common/pico_float/float_aeabi_rp2040.S.obj
 .debug_rnglists
                0x00001c70       0x13 CMakeFiles/supaCap_Code.dir/C_/Users/obrienes/.pico-sdk/sdk/2.1.0/src/rp2_common/pico_float/float_init_rom_rp2040.c.obj
 .debug_rnglists
                0x00001c83       0x38 CMakeFiles/supaCap_Code.dir/C_/Users/obrienes/.pico-sdk/sdk/2.1.0/src/rp2_common/pico_float/float_v1_rom_shim_rp2040.S.obj
 .debug_rnglists
                0x00001cbb       0x25 CMakeFiles/supaCap_Code.dir/C_/Users/obrienes/.pico-sdk/sdk/2.1.0/src/rp2_common/pico_mem_ops/mem_ops_aeabi.S.obj
 .debug_rnglists
                0x00001ce0      0x27c CMakeFiles/supaCap_Code.dir/C_/Users/obrienes/.pico-sdk/sdk/2.1.0/src/rp2_common/pico_printf/printf.c.obj
 .debug_rnglists
                0x00001f5c       0x1b CMakeFiles/supaCap_Code.dir/C_/Users/obrienes/.pico-sdk/sdk/2.1.0/src/rp2_common/pico_crt0/crt0.S.obj
 .debug_rnglists
                0x00001f77       0x7f CMakeFiles/supaCap_Code.dir/C_/Users/obrienes/.pico-sdk/sdk/2.1.0/src/rp2_common/pico_clib_interface/newlib_interface.c.obj
 .debug_rnglists
                0x00001ff6      0x297 CMakeFiles/supaCap_Code.dir/C_/Users/obrienes/.pico-sdk/sdk/2.1.0/src/rp2_common/pico_stdio/stdio.c.obj

.debug_line     0x00000000    0x130cd
 .debug_line    0x00000000      0x236 CMakeFiles/supaCap_Code.dir/supaCap_Code.c.obj
 .debug_line    0x00000236      0x29c CMakeFiles/supaCap_Code.dir/C_/Users/obrienes/.pico-sdk/sdk/2.1.0/src/rp2_common/pico_platform_panic/panic.c.obj
 .debug_line    0x000004d2      0x94e CMakeFiles/supaCap_Code.dir/C_/Users/obrienes/.pico-sdk/sdk/2.1.0/src/common/hardware_claim/claim.c.obj
 .debug_line    0x00000e20      0x4ea CMakeFiles/supaCap_Code.dir/C_/Users/obrienes/.pico-sdk/sdk/2.1.0/src/rp2_common/hardware_sync/sync.c.obj
 .debug_line    0x0000130a      0x3cf CMakeFiles/supaCap_Code.dir/C_/Users/obrienes/.pico-sdk/sdk/2.1.0/src/rp2_common/hardware_sync_spin_lock/sync_spin_lock.c.obj
 .debug_line    0x000016d9     0x173a CMakeFiles/supaCap_Code.dir/C_/Users/obrienes/.pico-sdk/sdk/2.1.0/src/rp2_common/hardware_irq/irq.c.obj
 .debug_line    0x00002e13      0x2fa CMakeFiles/supaCap_Code.dir/C_/Users/obrienes/.pico-sdk/sdk/2.1.0/src/common/pico_sync/lock_core.c.obj
 .debug_line    0x0000310d     0x1b4c CMakeFiles/supaCap_Code.dir/C_/Users/obrienes/.pico-sdk/sdk/2.1.0/src/common/pico_sync/mutex.c.obj
 .debug_line    0x00004c59     0x316c CMakeFiles/supaCap_Code.dir/C_/Users/obrienes/.pico-sdk/sdk/2.1.0/src/common/pico_time/time.c.obj
 .debug_line    0x00007dc5     0x1d5b CMakeFiles/supaCap_Code.dir/C_/Users/obrienes/.pico-sdk/sdk/2.1.0/src/rp2_common/hardware_timer/timer.c.obj
 .debug_line    0x00009b20     0x1e34 CMakeFiles/supaCap_Code.dir/C_/Users/obrienes/.pico-sdk/sdk/2.1.0/src/rp2_common/hardware_clocks/clocks.c.obj
 .debug_line    0x0000b954      0x51b CMakeFiles/supaCap_Code.dir/C_/Users/obrienes/.pico-sdk/sdk/2.1.0/src/rp2_common/hardware_pll/pll.c.obj
 .debug_line    0x0000be6f      0x359 CMakeFiles/supaCap_Code.dir/C_/Users/obrienes/.pico-sdk/sdk/2.1.0/src/rp2_common/hardware_ticks/ticks.c.obj
 .debug_line    0x0000c1c8      0x487 CMakeFiles/supaCap_Code.dir/C_/Users/obrienes/.pico-sdk/sdk/2.1.0/src/rp2_common/pico_bootrom/bootrom.c.obj
 .debug_line    0x0000c64f      0x372 CMakeFiles/supaCap_Code.dir/C_/Users/obrienes/.pico-sdk/sdk/2.1.0/src/rp2_common/hardware_xosc/xosc.c.obj
 .debug_line    0x0000c9c1      0x32b CMakeFiles/supaCap_Code.dir/C_/Users/obrienes/.pico-sdk/sdk/2.1.0/src/rp2_common/pico_runtime/runtime.c.obj
 .debug_line    0x0000ccec      0x55d CMakeFiles/supaCap_Code.dir/C_/Users/obrienes/.pico-sdk/sdk/2.1.0/src/rp2_common/pico_runtime_init/runtime_init.c.obj
 .debug_line    0x0000d249      0x58b CMakeFiles/supaCap_Code.dir/C_/Users/obrienes/.pico-sdk/sdk/2.1.0/src/rp2_common/pico_runtime_init/runtime_init_clocks.c.obj
 .debug_line    0x0000d7d4      0x107 CMakeFiles/supaCap_Code.dir/C_/Users/obrienes/.pico-sdk/sdk/2.1.0/src/rp2_common/pico_bit_ops/bit_ops_aeabi.S.obj
 .debug_line    0x0000d8db      0x2a9 CMakeFiles/supaCap_Code.dir/C_/Users/obrienes/.pico-sdk/sdk/2.1.0/src/rp2_common/pico_divider/divider_hardware.S.obj
 .debug_line    0x0000db84      0x3f8 CMakeFiles/supaCap_Code.dir/C_/Users/obrienes/.pico-sdk/sdk/2.1.0/src/rp2_common/pico_double/double_aeabi_rp2040.S.obj
 .debug_line    0x0000df7c      0x512 CMakeFiles/supaCap_Code.dir/C_/Users/obrienes/.pico-sdk/sdk/2.1.0/src/rp2_common/pico_double/double_init_rom_rp2040.c.obj
 .debug_line    0x0000e48e      0x66d CMakeFiles/supaCap_Code.dir/C_/Users/obrienes/.pico-sdk/sdk/2.1.0/src/rp2_common/pico_double/double_v1_rom_shim_rp2040.S.obj
 .debug_line    0x0000eafb       0x61 CMakeFiles/supaCap_Code.dir/C_/Users/obrienes/.pico-sdk/sdk/2.1.0/src/rp2_common/pico_int64_ops/pico_int64_ops_aeabi.S.obj
 .debug_line    0x0000eb5c      0x3b4 CMakeFiles/supaCap_Code.dir/C_/Users/obrienes/.pico-sdk/sdk/2.1.0/src/rp2_common/pico_float/float_aeabi_rp2040.S.obj
 .debug_line    0x0000ef10      0x427 CMakeFiles/supaCap_Code.dir/C_/Users/obrienes/.pico-sdk/sdk/2.1.0/src/rp2_common/pico_float/float_init_rom_rp2040.c.obj
 .debug_line    0x0000f337      0x195 CMakeFiles/supaCap_Code.dir/C_/Users/obrienes/.pico-sdk/sdk/2.1.0/src/rp2_common/pico_float/float_v1_rom_shim_rp2040.S.obj
 .debug_line    0x0000f4cc       0x94 CMakeFiles/supaCap_Code.dir/C_/Users/obrienes/.pico-sdk/sdk/2.1.0/src/rp2_common/pico_mem_ops/mem_ops_aeabi.S.obj
 .debug_line    0x0000f560      0x204 CMakeFiles/supaCap_Code.dir/02e8427686afe10cec6b4d0ed1e42061/src/rp2_common/pico_standard_binary_info/standard_binary_info.c.obj
 .debug_line    0x0000f764     0x1ba4 CMakeFiles/supaCap_Code.dir/C_/Users/obrienes/.pico-sdk/sdk/2.1.0/src/rp2_common/pico_printf/printf.c.obj
 .debug_line    0x00011308       0xa5 CMakeFiles/supaCap_Code.dir/C_/Users/obrienes/.pico-sdk/sdk/2.1.0/src/rp2_common/pico_crt0/crt0.S.obj
 .debug_line    0x000113ad      0x894 CMakeFiles/supaCap_Code.dir/C_/Users/obrienes/.pico-sdk/sdk/2.1.0/src/rp2_common/pico_clib_interface/newlib_interface.c.obj
 .debug_line    0x00011c41     0x148c CMakeFiles/supaCap_Code.dir/C_/Users/obrienes/.pico-sdk/sdk/2.1.0/src/rp2_common/pico_stdio/stdio.c.obj

.debug_str      0x00000000     0x3a88
 .debug_str     0x00000000     0x3a88 CMakeFiles/supaCap_Code.dir/supaCap_Code.c.obj
                                0x260 (size before relaxing)
 .debug_str     0x00003a88      0x24c CMakeFiles/supaCap_Code.dir/C_/Users/obrienes/.pico-sdk/sdk/2.1.0/src/rp2_common/pico_platform_panic/panic.c.obj
 .debug_str     0x00003a88      0x3cf CMakeFiles/supaCap_Code.dir/C_/Users/obrienes/.pico-sdk/sdk/2.1.0/src/common/hardware_claim/claim.c.obj
 .debug_str     0x00003a88      0x378 CMakeFiles/supaCap_Code.dir/C_/Users/obrienes/.pico-sdk/sdk/2.1.0/src/rp2_common/hardware_sync/sync.c.obj
 .debug_str     0x00003a88      0x28b CMakeFiles/supaCap_Code.dir/C_/Users/obrienes/.pico-sdk/sdk/2.1.0/src/rp2_common/hardware_sync_spin_lock/sync_spin_lock.c.obj
 .debug_str     0x00003a88      0xaaf CMakeFiles/supaCap_Code.dir/C_/Users/obrienes/.pico-sdk/sdk/2.1.0/src/rp2_common/hardware_irq/irq.c.obj
 .debug_str     0x00003a88      0x257 CMakeFiles/supaCap_Code.dir/C_/Users/obrienes/.pico-sdk/sdk/2.1.0/src/common/pico_sync/lock_core.c.obj
 .debug_str     0x00003a88      0x7ea CMakeFiles/supaCap_Code.dir/C_/Users/obrienes/.pico-sdk/sdk/2.1.0/src/common/pico_sync/mutex.c.obj
 .debug_str     0x00003a88     0x11e7 CMakeFiles/supaCap_Code.dir/C_/Users/obrienes/.pico-sdk/sdk/2.1.0/src/common/pico_time/time.c.obj
 .debug_str     0x00003a88      0xa32 CMakeFiles/supaCap_Code.dir/C_/Users/obrienes/.pico-sdk/sdk/2.1.0/src/rp2_common/hardware_timer/timer.c.obj
 .debug_str     0x00003a88      0x9e1 CMakeFiles/supaCap_Code.dir/C_/Users/obrienes/.pico-sdk/sdk/2.1.0/src/rp2_common/hardware_clocks/clocks.c.obj
 .debug_str     0x00003a88      0x4aa CMakeFiles/supaCap_Code.dir/C_/Users/obrienes/.pico-sdk/sdk/2.1.0/src/rp2_common/hardware_pll/pll.c.obj
 .debug_str     0x00003a88      0x2d9 CMakeFiles/supaCap_Code.dir/C_/Users/obrienes/.pico-sdk/sdk/2.1.0/src/rp2_common/hardware_ticks/ticks.c.obj
 .debug_str     0x00003a88      0x387 CMakeFiles/supaCap_Code.dir/C_/Users/obrienes/.pico-sdk/sdk/2.1.0/src/rp2_common/pico_bootrom/bootrom.c.obj
 .debug_str     0x00003a88      0x28e CMakeFiles/supaCap_Code.dir/C_/Users/obrienes/.pico-sdk/sdk/2.1.0/src/rp2_common/hardware_xosc/xosc.c.obj
 .debug_str     0x00003a88      0x2de CMakeFiles/supaCap_Code.dir/C_/Users/obrienes/.pico-sdk/sdk/2.1.0/src/rp2_common/pico_runtime/runtime.c.obj
 .debug_str     0x00003a88      0x7d2 CMakeFiles/supaCap_Code.dir/C_/Users/obrienes/.pico-sdk/sdk/2.1.0/src/rp2_common/pico_runtime_init/runtime_init.c.obj
 .debug_str     0x00003a88      0x4e6 CMakeFiles/supaCap_Code.dir/C_/Users/obrienes/.pico-sdk/sdk/2.1.0/src/rp2_common/pico_runtime_init/runtime_init_clocks.c.obj
 .debug_str     0x00003a88       0xd6 CMakeFiles/supaCap_Code.dir/C_/Users/obrienes/.pico-sdk/sdk/2.1.0/src/rp2_common/pico_bit_ops/bit_ops_aeabi.S.obj
 .debug_str     0x00003a88       0xd9 CMakeFiles/supaCap_Code.dir/C_/Users/obrienes/.pico-sdk/sdk/2.1.0/src/rp2_common/pico_divider/divider_hardware.S.obj
 .debug_str     0x00003a88       0xdb CMakeFiles/supaCap_Code.dir/C_/Users/obrienes/.pico-sdk/sdk/2.1.0/src/rp2_common/pico_double/double_aeabi_rp2040.S.obj
 .debug_str     0x00003a88      0x30e CMakeFiles/supaCap_Code.dir/C_/Users/obrienes/.pico-sdk/sdk/2.1.0/src/rp2_common/pico_double/double_init_rom_rp2040.c.obj
 .debug_str     0x00003a88       0xe1 CMakeFiles/supaCap_Code.dir/C_/Users/obrienes/.pico-sdk/sdk/2.1.0/src/rp2_common/pico_double/double_v1_rom_shim_rp2040.S.obj
 .debug_str     0x00003a88       0xdf CMakeFiles/supaCap_Code.dir/C_/Users/obrienes/.pico-sdk/sdk/2.1.0/src/rp2_common/pico_int64_ops/pico_int64_ops_aeabi.S.obj
 .debug_str     0x00003a88       0xd9 CMakeFiles/supaCap_Code.dir/C_/Users/obrienes/.pico-sdk/sdk/2.1.0/src/rp2_common/pico_float/float_aeabi_rp2040.S.obj
 .debug_str     0x00003a88      0x2f3 CMakeFiles/supaCap_Code.dir/C_/Users/obrienes/.pico-sdk/sdk/2.1.0/src/rp2_common/pico_float/float_init_rom_rp2040.c.obj
 .debug_str     0x00003a88       0xdf CMakeFiles/supaCap_Code.dir/C_/Users/obrienes/.pico-sdk/sdk/2.1.0/src/rp2_common/pico_float/float_v1_rom_shim_rp2040.S.obj
 .debug_str     0x00003a88       0xd6 CMakeFiles/supaCap_Code.dir/C_/Users/obrienes/.pico-sdk/sdk/2.1.0/src/rp2_common/pico_mem_ops/mem_ops_aeabi.S.obj
 .debug_str     0x00003a88      0x487 CMakeFiles/supaCap_Code.dir/02e8427686afe10cec6b4d0ed1e42061/src/rp2_common/pico_standard_binary_info/standard_binary_info.c.obj
 .debug_str     0x00003a88      0x521 CMakeFiles/supaCap_Code.dir/C_/Users/obrienes/.pico-sdk/sdk/2.1.0/src/rp2_common/pico_printf/printf.c.obj
 .debug_str     0x00003a88       0xca CMakeFiles/supaCap_Code.dir/C_/Users/obrienes/.pico-sdk/sdk/2.1.0/src/rp2_common/pico_crt0/crt0.S.obj
 .debug_str     0x00003a88      0x76c CMakeFiles/supaCap_Code.dir/C_/Users/obrienes/.pico-sdk/sdk/2.1.0/src/rp2_common/pico_clib_interface/newlib_interface.c.obj
 .debug_str     0x00003a88      0xb10 CMakeFiles/supaCap_Code.dir/C_/Users/obrienes/.pico-sdk/sdk/2.1.0/src/rp2_common/pico_stdio/stdio.c.obj

.debug_frame    0x00000000     0x161c
 .debug_frame   0x00000000       0x28 CMakeFiles/supaCap_Code.dir/supaCap_Code.c.obj
 .debug_frame   0x00000028       0x44 CMakeFiles/supaCap_Code.dir/C_/Users/obrienes/.pico-sdk/sdk/2.1.0/src/rp2_common/pico_platform_panic/panic.c.obj
 .debug_frame   0x0000006c       0xa0 CMakeFiles/supaCap_Code.dir/C_/Users/obrienes/.pico-sdk/sdk/2.1.0/src/common/hardware_claim/claim.c.obj
 .debug_frame   0x0000010c       0xa8 CMakeFiles/supaCap_Code.dir/C_/Users/obrienes/.pico-sdk/sdk/2.1.0/src/rp2_common/hardware_sync/sync.c.obj
 .debug_frame   0x000001b4       0x30 CMakeFiles/supaCap_Code.dir/C_/Users/obrienes/.pico-sdk/sdk/2.1.0/src/rp2_common/hardware_sync_spin_lock/sync_spin_lock.c.obj
 .debug_frame   0x000001e4      0x1bc CMakeFiles/supaCap_Code.dir/C_/Users/obrienes/.pico-sdk/sdk/2.1.0/src/rp2_common/hardware_irq/irq.c.obj
 .debug_frame   0x000003a0       0x20 CMakeFiles/supaCap_Code.dir/C_/Users/obrienes/.pico-sdk/sdk/2.1.0/src/common/pico_sync/lock_core.c.obj
 .debug_frame   0x000003c0      0x1e0 CMakeFiles/supaCap_Code.dir/C_/Users/obrienes/.pico-sdk/sdk/2.1.0/src/common/pico_sync/mutex.c.obj
 .debug_frame   0x000005a0      0x2d0 CMakeFiles/supaCap_Code.dir/C_/Users/obrienes/.pico-sdk/sdk/2.1.0/src/common/pico_time/time.c.obj
 .debug_frame   0x00000870      0x2c0 CMakeFiles/supaCap_Code.dir/C_/Users/obrienes/.pico-sdk/sdk/2.1.0/src/rp2_common/hardware_timer/timer.c.obj
 .debug_frame   0x00000b30      0x1f0 CMakeFiles/supaCap_Code.dir/C_/Users/obrienes/.pico-sdk/sdk/2.1.0/src/rp2_common/hardware_clocks/clocks.c.obj
 .debug_frame   0x00000d20       0x40 CMakeFiles/supaCap_Code.dir/C_/Users/obrienes/.pico-sdk/sdk/2.1.0/src/rp2_common/hardware_pll/pll.c.obj
 .debug_frame   0x00000d60       0x40 CMakeFiles/supaCap_Code.dir/C_/Users/obrienes/.pico-sdk/sdk/2.1.0/src/rp2_common/hardware_ticks/ticks.c.obj
 .debug_frame   0x00000da0       0xa0 CMakeFiles/supaCap_Code.dir/C_/Users/obrienes/.pico-sdk/sdk/2.1.0/src/rp2_common/pico_bootrom/bootrom.c.obj
 .debug_frame   0x00000e40       0x40 CMakeFiles/supaCap_Code.dir/C_/Users/obrienes/.pico-sdk/sdk/2.1.0/src/rp2_common/hardware_xosc/xosc.c.obj
 .debug_frame   0x00000e80       0x70 CMakeFiles/supaCap_Code.dir/C_/Users/obrienes/.pico-sdk/sdk/2.1.0/src/rp2_common/pico_runtime/runtime.c.obj
 .debug_frame   0x00000ef0       0x84 CMakeFiles/supaCap_Code.dir/C_/Users/obrienes/.pico-sdk/sdk/2.1.0/src/rp2_common/pico_runtime_init/runtime_init.c.obj
 .debug_frame   0x00000f74       0x2c CMakeFiles/supaCap_Code.dir/C_/Users/obrienes/.pico-sdk/sdk/2.1.0/src/rp2_common/pico_runtime_init/runtime_init_clocks.c.obj
 .debug_frame   0x00000fa0       0x2c CMakeFiles/supaCap_Code.dir/C_/Users/obrienes/.pico-sdk/sdk/2.1.0/src/rp2_common/pico_double/double_init_rom_rp2040.c.obj
 .debug_frame   0x00000fcc       0x28 CMakeFiles/supaCap_Code.dir/C_/Users/obrienes/.pico-sdk/sdk/2.1.0/src/rp2_common/pico_float/float_init_rom_rp2040.c.obj
 .debug_frame   0x00000ff4      0x1ec CMakeFiles/supaCap_Code.dir/C_/Users/obrienes/.pico-sdk/sdk/2.1.0/src/rp2_common/pico_printf/printf.c.obj
 .debug_frame   0x000011e0      0x174 CMakeFiles/supaCap_Code.dir/C_/Users/obrienes/.pico-sdk/sdk/2.1.0/src/rp2_common/pico_clib_interface/newlib_interface.c.obj
 .debug_frame   0x00001354      0x2a0 CMakeFiles/supaCap_Code.dir/C_/Users/obrienes/.pico-sdk/sdk/2.1.0/src/rp2_common/pico_stdio/stdio.c.obj
 .debug_frame   0x000015f4       0x28 C:/Users/obrienes/.pico-sdk/toolchain/13_3_Rel1/bin/../lib/gcc/arm-none-eabi/13.3.1/thumb/v6-m/nofp\libg.a(libc_a-strlen-stub.o)

.debug_loclists
                0x00000000     0xd356
 .debug_loclists
                0x00000000      0x36e CMakeFiles/supaCap_Code.dir/C_/Users/obrienes/.pico-sdk/sdk/2.1.0/src/common/hardware_claim/claim.c.obj
 .debug_loclists
                0x0000036e       0xf1 CMakeFiles/supaCap_Code.dir/C_/Users/obrienes/.pico-sdk/sdk/2.1.0/src/rp2_common/hardware_sync/sync.c.obj
 .debug_loclists
                0x0000045f       0x7d CMakeFiles/supaCap_Code.dir/C_/Users/obrienes/.pico-sdk/sdk/2.1.0/src/rp2_common/hardware_sync_spin_lock/sync_spin_lock.c.obj
 .debug_loclists
                0x000004dc     0x116f CMakeFiles/supaCap_Code.dir/C_/Users/obrienes/.pico-sdk/sdk/2.1.0/src/rp2_common/hardware_irq/irq.c.obj
 .debug_loclists
                0x0000164b       0x41 CMakeFiles/supaCap_Code.dir/C_/Users/obrienes/.pico-sdk/sdk/2.1.0/src/common/pico_sync/lock_core.c.obj
 .debug_loclists
                0x0000168c      0xafa CMakeFiles/supaCap_Code.dir/C_/Users/obrienes/.pico-sdk/sdk/2.1.0/src/common/pico_sync/mutex.c.obj
 .debug_loclists
                0x00002186     0x24bd CMakeFiles/supaCap_Code.dir/C_/Users/obrienes/.pico-sdk/sdk/2.1.0/src/common/pico_time/time.c.obj
 .debug_loclists
                0x00004643     0x1a12 CMakeFiles/supaCap_Code.dir/C_/Users/obrienes/.pico-sdk/sdk/2.1.0/src/rp2_common/hardware_timer/timer.c.obj
 .debug_loclists
                0x00006055     0x28a5 CMakeFiles/supaCap_Code.dir/C_/Users/obrienes/.pico-sdk/sdk/2.1.0/src/rp2_common/hardware_clocks/clocks.c.obj
 .debug_loclists
                0x000088fa      0x1e0 CMakeFiles/supaCap_Code.dir/C_/Users/obrienes/.pico-sdk/sdk/2.1.0/src/rp2_common/hardware_pll/pll.c.obj
 .debug_loclists
                0x00008ada       0x47 CMakeFiles/supaCap_Code.dir/C_/Users/obrienes/.pico-sdk/sdk/2.1.0/src/rp2_common/hardware_ticks/ticks.c.obj
 .debug_loclists
                0x00008b21      0x38a CMakeFiles/supaCap_Code.dir/C_/Users/obrienes/.pico-sdk/sdk/2.1.0/src/rp2_common/pico_bootrom/bootrom.c.obj
 .debug_loclists